Component: ARM Compiler 5.06 update 5 (build 528) Tool: armlink [4d35e2]

==============================================================================

Section Cross References

    startup_stm32f10x_md.o(STACK) refers (Special) to heapauxi.o(.text) for __use_two_region_memory
    startup_stm32f10x_md.o(HEAP) refers (Special) to heapauxi.o(.text) for __use_two_region_memory
    startup_stm32f10x_md.o(RESET) refers (Special) to heapauxi.o(.text) for __use_two_region_memory
    startup_stm32f10x_md.o(RESET) refers to startup_stm32f10x_md.o(STACK) for __initial_sp
    startup_stm32f10x_md.o(RESET) refers to startup_stm32f10x_md.o(.text) for Reset_Handler
    startup_stm32f10x_md.o(RESET) refers to stm32f10x_it.o(i.NMI_Handler) for NMI_Handler
    startup_stm32f10x_md.o(RESET) refers to stm32f10x_it.o(i.HardFault_Handler) for HardFault_Handler
    startup_stm32f10x_md.o(RESET) refers to stm32f10x_it.o(i.MemManage_Handler) for MemManage_Handler
    startup_stm32f10x_md.o(RESET) refers to stm32f10x_it.o(i.BusFault_Handler) for BusFault_Handler
    startup_stm32f10x_md.o(RESET) refers to stm32f10x_it.o(i.UsageFault_Handler) for UsageFault_Handler
    startup_stm32f10x_md.o(RESET) refers to stm32f10x_it.o(i.SVC_Handler) for SVC_Handler
    startup_stm32f10x_md.o(RESET) refers to stm32f10x_it.o(i.DebugMon_Handler) for DebugMon_Handler
    startup_stm32f10x_md.o(RESET) refers to stm32f10x_it.o(i.PendSV_Handler) for PendSV_Handler
    startup_stm32f10x_md.o(RESET) refers to stm32f10x_it.o(i.SysTick_Handler) for SysTick_Handler
    startup_stm32f10x_md.o(RESET) refers to main.o(i.TIM2_IRQHandler) for TIM2_IRQHandler
    startup_stm32f10x_md.o(.text) refers (Special) to heapauxi.o(.text) for __use_two_region_memory
    startup_stm32f10x_md.o(.text) refers to system_stm32f10x.o(i.SystemInit) for SystemInit
    startup_stm32f10x_md.o(.text) refers to __main.o(!!!main) for __main
    startup_stm32f10x_md.o(.text) refers to startup_stm32f10x_md.o(HEAP) for Heap_Mem
    startup_stm32f10x_md.o(.text) refers to startup_stm32f10x_md.o(STACK) for Stack_Mem
    system_stm32f10x.o(i.SetSysClock) refers to system_stm32f10x.o(i.SetSysClockTo72) for SetSysClockTo72
    system_stm32f10x.o(i.SystemCoreClockUpdate) refers to system_stm32f10x.o(.data) for SystemCoreClock
    system_stm32f10x.o(i.SystemInit) refers to system_stm32f10x.o(i.SetSysClock) for SetSysClock
    stm32f10x_adc.o(i.ADC_DeInit) refers to stm32f10x_rcc.o(i.RCC_APB2PeriphResetCmd) for RCC_APB2PeriphResetCmd
    stm32f10x_bkp.o(i.BKP_DeInit) refers to stm32f10x_rcc.o(i.RCC_BackupResetCmd) for RCC_BackupResetCmd
    stm32f10x_can.o(i.CAN_DeInit) refers to stm32f10x_rcc.o(i.RCC_APB1PeriphResetCmd) for RCC_APB1PeriphResetCmd
    stm32f10x_can.o(i.CAN_GetITStatus) refers to stm32f10x_can.o(i.CheckITStatus) for CheckITStatus
    stm32f10x_cec.o(i.CEC_DeInit) refers to stm32f10x_rcc.o(i.RCC_APB1PeriphResetCmd) for RCC_APB1PeriphResetCmd
    stm32f10x_dac.o(i.DAC_DeInit) refers to stm32f10x_rcc.o(i.RCC_APB1PeriphResetCmd) for RCC_APB1PeriphResetCmd
    stm32f10x_flash.o(i.FLASH_EnableWriteProtection) refers to stm32f10x_flash.o(i.FLASH_WaitForLastOperation) for FLASH_WaitForLastOperation
    stm32f10x_flash.o(i.FLASH_EraseAllBank1Pages) refers to stm32f10x_flash.o(i.FLASH_WaitForLastBank1Operation) for FLASH_WaitForLastBank1Operation
    stm32f10x_flash.o(i.FLASH_EraseAllPages) refers to stm32f10x_flash.o(i.FLASH_WaitForLastOperation) for FLASH_WaitForLastOperation
    stm32f10x_flash.o(i.FLASH_EraseOptionBytes) refers to stm32f10x_flash.o(i.FLASH_GetReadOutProtectionStatus) for FLASH_GetReadOutProtectionStatus
    stm32f10x_flash.o(i.FLASH_EraseOptionBytes) refers to stm32f10x_flash.o(i.FLASH_WaitForLastOperation) for FLASH_WaitForLastOperation
    stm32f10x_flash.o(i.FLASH_ErasePage) refers to stm32f10x_flash.o(i.FLASH_WaitForLastOperation) for FLASH_WaitForLastOperation
    stm32f10x_flash.o(i.FLASH_ProgramHalfWord) refers to stm32f10x_flash.o(i.FLASH_WaitForLastOperation) for FLASH_WaitForLastOperation
    stm32f10x_flash.o(i.FLASH_ProgramOptionByteData) refers to stm32f10x_flash.o(i.FLASH_WaitForLastOperation) for FLASH_WaitForLastOperation
    stm32f10x_flash.o(i.FLASH_ProgramWord) refers to stm32f10x_flash.o(i.FLASH_WaitForLastOperation) for FLASH_WaitForLastOperation
    stm32f10x_flash.o(i.FLASH_ReadOutProtection) refers to stm32f10x_flash.o(i.FLASH_WaitForLastOperation) for FLASH_WaitForLastOperation
    stm32f10x_flash.o(i.FLASH_UserOptionByteConfig) refers to stm32f10x_flash.o(i.FLASH_WaitForLastOperation) for FLASH_WaitForLastOperation
    stm32f10x_flash.o(i.FLASH_WaitForLastBank1Operation) refers to stm32f10x_flash.o(i.FLASH_GetBank1Status) for FLASH_GetBank1Status
    stm32f10x_flash.o(i.FLASH_WaitForLastOperation) refers to stm32f10x_flash.o(i.FLASH_GetBank1Status) for FLASH_GetBank1Status
    stm32f10x_gpio.o(i.GPIO_AFIODeInit) refers to stm32f10x_rcc.o(i.RCC_APB2PeriphResetCmd) for RCC_APB2PeriphResetCmd
[...]
    ../fplib/dmul.s                          0x00000000   Number         0  dmul.o ABSOLUTE
    ../fplib/dnaninf.s                       0x00000000   Number         0  dnaninf.o ABSOLUTE
    ../fplib/dretinf.s                       0x00000000   Number         0  dretinf.o ABSOLUTE
    ../fplib/drleqf.s                        0x00000000   Number         0  drleqf.o ABSOLUTE
    ../fplib/faddsub.s                       0x00000000   Number         0  faddsub_clz.o ABSOLUTE
    ../fplib/fcmpi.s                         0x00000000   Number         0  fcmpi.o ABSOLUTE
    ../fplib/fflt.s                          0x00000000   Number         0  fflt_clz.o ABSOLUTE
    ../fplib/fleqf.s                         0x00000000   Number         0  fleqf.o ABSOLUTE
    ../fplib/fnaninf.s                       0x00000000   Number         0  fnaninf.o ABSOLUTE
    ../fplib/fpinit.s                        0x00000000   Number         0  fpinit.o ABSOLUTE
    ../fplib/fretinf.s                       0x00000000   Number         0  fretinf.o ABSOLUTE
    ../fplib/istatus.s                       0x00000000   Number         0  istatus.o ABSOLUTE
    ../fplib/printf1.s                       0x00000000   Number         0  printf1.o ABSOLUTE
    ../fplib/printf2.s                       0x00000000   Number         0  printf2.o ABSOLUTE
    ../fplib/printf2a.s                      0x00000000   Number         0  printf2a.o ABSOLUTE
    ../fplib/printf2b.s                      0x00000000   Number         0  printf2b.o ABSOLUTE
    ../fplib/retnan.s                        0x00000000   Number         0  retnan.o ABSOLUTE
    ../fplib/scalbn.s                        0x00000000   Number         0  scalbn.o ABSOLUTE
    ../fplib/trapv.s                         0x00000000   Number         0  trapv.o ABSOLUTE
    ../fplib/usenofp.s                       0x00000000   Number         0  usenofp.o ABSOLUTE
    ../mathlib/atan.c                        0x00000000   Number         0  atan_x.o ABSOLUTE
    ../mathlib/atan.c                        0x00000000   Number         0  atan.o ABSOLUTE
    ../mathlib/atan2.c                       0x00000000   Number         0  atan2_x.o ABSOLUTE
    ../mathlib/atan2.c                       0x00000000   Number         0  atan2.o ABSOLUTE
    ../mathlib/cos.c                         0x00000000   Number         0  cos_x.o ABSOLUTE
    ../mathlib/cos.c                         0x00000000   Number         0  cos.o ABSOLUTE
    ../mathlib/cos_i.c                       0x00000000   Number         0  cos_i.o ABSOLUTE
    ../mathlib/dunder.c                      0x00000000   Number         0  dunder.o ABSOLUTE
    ../mathlib/fpclassify.c                  0x00000000   Number         0  fpclassify.o ABSOLUTE
    ../mathlib/poly.c                        0x00000000   Number         0  poly.o ABSOLUTE
    ../mathlib/qnan.c                        0x00000000   Number         0  qnan.o ABSOLUTE
    ../mathlib/rred.c                        0x00000000   Number         0  rred.o ABSOLUTE
    ../mathlib/sin.c                         0x00000000   Number         0  sin.o ABSOLUTE
    ../mathlib/sin.c                         0x00000000   Number         0  sin_x.o ABSOLUTE
    ../mathlib/sin_i.c                       0x00000000   Number         0  sin_i.o ABSOLUTE
    ../mathlib/sin_i.c                       0x00000000   Number         0  sin_i_x.o ABSOLUTE
    Hardware\Cal_algorithm.c                 0x00000000   Number         0  cal_algorithm.o ABSOLUTE
    Hardware\Cal_stack.c                     0x00000000   Number         0  cal_stack.o ABSOLUTE
    Hardware\bsp_Key.c                       0x00000000   Number         0  bsp_key.o ABSOLUTE
    Hardware\bsp_OLED.c                      0x00000000   Number         0  bsp_oled.o ABSOLUTE
    Hardware\bsp_OLED_Data.c                 0x00000000   Number         0  bsp_oled_data.o ABSOLUTE
    Hardware\bsp_math.c                      0x00000000   Number         0  bsp_math.o ABSOLUTE
    Library\misc.c                           0x00000000   Number         0  misc.o ABSOLUTE
    Library\stm32f10x_adc.c                  0x00000000   Number         0  stm32f10x_adc.o ABSOLUTE
    Library\stm32f10x_bkp.c                  0x00000000   Number         0  stm32f10x_bkp.o ABSOLUTE
    Library\stm32f10x_can.c                  0x00000000   Number         0  stm32f10x_can.o ABSOLUTE
    Library\stm32f10x_cec.c                  0x00000000   Number         0  stm32f10x_cec.o ABSOLUTE
    Library\stm32f10x_crc.c                  0x00000000   Number         0  stm32f10x_crc.o ABSOLUTE
    Library\stm32f10x_dac.c                  0x00000000   Number         0  stm32f10x_dac.o ABSOLUTE
    Library\stm32f10x_dbgmcu.c               0x00000000   Number         0  stm32f10x_dbgmcu.o ABSOLUTE
    Library\stm32f10x_dma.c                  0x00000000   Number         0  stm32f10x_dma.o ABSOLUTE
    Library\stm32f10x_exti.c                 0x00000000   Number         0  stm32f10x_exti.o ABSOLUTE
    Library\stm32f10x_flash.c                0x00000000   Number         0  stm32f10x_flash.o ABSOLUTE
    Library\stm32f10x_fsmc.c                 0x00000000   Number         0  stm32f10x_fsmc.o ABSOLUTE
    Library\stm32f10x_gpio.c                 0x00000000   Number         0  stm32f10x_gpio.o ABSOLUTE
    Library\stm32f10x_i2c.c                  0x00000000   Number         0  stm32f10x_i2c.o ABSOLUTE
    Library\stm32f10x_iwdg.c                 0x00000000   Number         0  stm32f10x_iwdg.o ABSOLUTE
    Library\stm32f10x_pwr.c                  0x00000000   Number         0  stm32f10x_pwr.o ABSOLUTE
    Library\stm32f10x_rcc.c                  0x00000000   Number         0  stm32f10x_rcc.o ABSOLUTE
    Library\stm32f10x_rtc.c                  0x00000000   Number         0  stm32f10x_rtc.o ABSOLUTE
    Library\stm32f10x_sdio.c                 0x00000000   Number         0  stm32f10x_sdio.o ABSOLUTE
    Library\stm32f10x_spi.c                  0x00000000   Number         0  stm32f10x_spi.o ABSOLUTE
    Library\stm32f10x_tim.c                  0x00000000   Number         0  stm32f10x_tim.o ABSOLUTE
    Library\stm32f10x_usart.c                0x00000000   Number         0  stm32f10x_usart.o ABSOLUTE
    Library\stm32f10x_wwdg.c                 0x00000000   Number         0  stm32f10x_wwdg.o ABSOLUTE
    Start\\core_cm3.c                        0x00000000   Number         0  core_cm3.o ABSOLUTE
    Start\core_cm3.c                         0x00000000   Number         0  core_cm3.o ABSOLUTE
    Start\startup_stm32f10x_md.s             0x00000000   Number         0  startup_stm32f10x_md.o ABSOLUTE
    Start\system_stm32f10x.c                 0x00000000   Number         0  system_stm32f10x.o ABSOLUTE
    System\Delay.c                           0x00000000   Number         0  delay.o ABSOLUTE
    System\bsp_Timer.c                       0x00000000   Number         0  bsp_timer.o ABSOLUTE
    User\main.c                              0x00000000   Number         0  main.o ABSOLUTE
    User\stm32f10x_it.c                      0x00000000   Number         0  stm32f10x_it.o ABSOLUTE
    dc.s                                     0x00000000   Number         0  dc.o ABSOLUTE
    RESET                                    0x08000000   Section      236  startup_stm32f10x_md.o(RESET)
    !!!main                                  0x080000ec   Section        8  __main.o(!!!main)
    !!!scatter                               0x080000f4   Section       52  __scatter.o(!!!scatter)
    !!handler_copy                           0x08000128   Section       26  __scatter_copy.o(!!handler_copy)
    !!handler_zi                             0x08000144   Section       28  __scatter_zi.o(!!handler_zi)
    .ARM.Collect$$libinit$$00000000          0x08000160   Section        2  libinit.o(.ARM.Collect$$libinit$$00000000)
    .ARM.Collect$$libinit$$00000002          0x08000162   Section        0  libinit2.o(.ARM.Collect$$libinit$$00000002)
    .ARM.Collect$$libinit$$00000004          0x08000162   Section        0  libinit2.o(.ARM.Collect$$libinit$$00000004)
    .ARM.Collect$$libinit$$00000005          0x08000162   Section        8  libinit2.o(.ARM.Collect$$libinit$$00000005)
    .ARM.Collect$$libinit$$0000000A          0x0800016a   Section        0  libinit2.o(.ARM.Collect$$libinit$$0000000A)
    .ARM.Collect$$libinit$$0000000C          0x0800016a   Section        0  libinit2.o(.ARM.Collect$$libinit$$0000000C)
    .ARM.Collect$$libinit$$0000000E          0x0800016a   Section        0  libinit2.o(.ARM.Collect$$libinit$$0000000E)
    .ARM.Collect$$libinit$$0000000F          0x0800016a   Section        6  libinit2.o(.ARM.Collect$$libinit$$0000000F)
    .ARM.Collect$$libinit$$00000011          0x08000170   Section        0  libinit2.o(.ARM.Collect$$libinit$$00000011)
    .ARM.Collect$$libinit$$00000012          0x08000170   Section       12  libinit2.o(.ARM.Collect$$libinit$$00000012)
    .ARM.Collect$$libinit$$00000013          0x0800017c   Section        0  libinit2.o(.ARM.Collect$$libinit$$00000013)
    .ARM.Collect$$libinit$$00000015          0x0800017c   Section        0  libinit2.o(.ARM.Collect$$libinit$$00000015)
    .ARM.Collect$$libinit$$00000017          0x0800017c   Section        0  libinit2.o(.ARM.Collect$$libinit$$00000017)
    .ARM.Collect$$libinit$$00000019          0x0800017c   Section        0  libinit2.o(.ARM.Collect$$libinit$$00000019)
    .ARM.Collect$$libinit$$0000001B          0x0800017c   Section        0  libinit2.o(.ARM.Collect$$libinit$$0000001B)
    .ARM.Collect$$libinit$$0000001D          0x0800017c   Section        0  libinit2.o(.ARM.Collect$$libinit$$0000001D)
    .ARM.Collect$$libinit$$0000001F          0x0800017c   Section        0  libinit2.o(.ARM.Collect$$libinit$$0000001F)
    .ARM.Collect$$libinit$$00000021          0x0800017c   Section        0  libinit2.o(.ARM.Collect$$libinit$$00000021)
    .ARM.Collect$$libinit$$00000023          0x0800017c   Section        0  libinit2.o(.ARM.Collect$$libinit$$00000023)
    .ARM.Collect$$libinit$$00000025          0x0800017c   Section        0  libinit2.o(.ARM.Collect$$libinit$$00000025)
    .ARM.Collect$$libinit$$0000002C          0x0800017c   Section        0  libinit2.o(.ARM.Collect$$libinit$$0000002C)
    .ARM.Collect$$libinit$$0000002E          0x0800017c   Section        0  libinit2.o(.ARM.Collect$$libinit$$0000002E)
    .ARM.Collect$$libinit$$00000030          0x0800017c   Section        0  libinit2.o(.ARM.Collect$$libinit$$00000030)
    .ARM.Collect$$libinit$$00000032          0x0800017c   Section        0  libinit2.o(.ARM.Collect$$libinit$$00000032)
    .ARM.Collect$$libinit$$00000033          0x0800017c   Section        2  libinit2.o(.ARM.Collect$$libinit$$00000033)
    .ARM.Collect$$libshutdown$$00000000      0x0800017e   Section        2  libshutdown.o(.ARM.Collect$$libshutdown$$00000000)
    .ARM.Collect$$libshutdown$$00000002      0x08000180   Section        0  libshutdown2.o(.ARM.Collect$$libshutdown$$00000002)
    .ARM.Collect$$libshutdown$$00000004      0x08000180   Section        0  libshutdown2.o(.ARM.Collect$$libshutdown$$00000004)
    .ARM.Collect$$libshutdown$$00000007      0x08000180   Section        0  libshutdown2.o(.ARM.Collect$$libshutdown$$00000007)
    .ARM.Collect$$libshutdown$$0000000A      0x08000180   Section        0  libshutdown2.o(.ARM.Collect$$libshutdown$$0000000A)
    .ARM.Collect$$libshutdown$$0000000C      0x08000180   Section        0  libshutdown2.o(.ARM.Collect$$libshutdown$$0000000C)
    .ARM.Collect$$libshutdown$$0000000F      0x08000180   Section        0  libshutdown2.o(.ARM.Collect$$libshutdown$$0000000F)
    .ARM.Collect$$libshutdown$$00000010      0x08000180   Section        2  libshutdown2.o(.ARM.Collect$$libshutdown$$00000010)
    .ARM.Collect$$rtentry$$00000000          0x08000182   Section        0  __rtentry.o(.ARM.Collect$$rtentry$$00000000)
    .ARM.Collect$$rtentry$$00000002          0x08000182   Section        0  __rtentry2.o(.ARM.Collect$$rtentry$$00000002)
    .ARM.Collect$$rtentry$$00000004          0x08000182   Section        6  __rtentry4.o(.ARM.Collect$$rtentry$$00000004)
    .ARM.Collect$$rtentry$$00000009          0x08000188   Section        0  __rtentry2.o(.ARM.Collect$$rtentry$$00000009)
    .ARM.Collect$$rtentry$$0000000A          0x08000188   Section        4  __rtentry2.o(.ARM.Collect$$rtentry$$0000000A)
    .ARM.Collect$$rtentry$$0000000C          0x0800018c   Section        0  __rtentry2.o(.ARM.Collect$$rtentry$$0000000C)
    .ARM.Collect$$rtentry$$0000000D          0x0800018c   Section        8  __rtentry2.o(.ARM.Collect$$rtentry$$0000000D)
    .ARM.Collect$$rtexit$$00000000           0x08000194   Section        2  rtexit.o(.ARM.Collect$$rtexit$$00000000)
    .ARM.Collect$$rtexit$$00000002           0x08000196   Section        0  rtexit2.o(.ARM.Collect$$rtexit$$00000002)
    .ARM.Collect$$rtexit$$00000003           0x08000196   Section        4  rtexit2.o(.ARM.Collect$$rtexit$$00000003)
    .ARM.Collect$$rtexit$$00000004           0x0800019a   Section        6  rtexit2.o(.ARM.Collect$$rtexit$$00000004)
    .emb_text                                0x080001a0   Section        0  maybetermalloc1.o(.emb_text)
    .text                                    0x080001a0   Section       64  startup_stm32f10x_md.o(.text)
    .text                                    0x080001e0   Section       16  rt_ctype_table.o(.text)
    .text                                    0x080001f0   Section        0  h1_alloc.o(.text)
    .text                                    0x0800024e   Section        0  h1_free.o(.text)
    .text                                    0x0800029c   Section        0  exit.o(.text)
    .text                                    0x080002ae   Section        0  strcpy.o(.text)
    .text                                    0x080002f8   Section      128  strcmpv7m.o(.text)
    .text                                    0x08000378   Section        0  heapauxi.o(.text)
    .text                                    0x08000380   Section        8  rt_heap_descriptor_intlibspace.o(.text)
    .text                                    0x08000388   Section        8  rt_locale_intlibspace.o(.text)
    .text                                    0x08000390   Section        0  hguard.o(.text)
    .text                                    0x08000394   Section        0  init_alloc.o(.text)
    .text                                    0x0800041e   Section        0  h1_init.o(.text)
    .text                                    0x0800042c   Section        0  _rserrno.o(.text)
    .text                                    0x08000444   Section        8  libspace.o(.text)
    .text                                    0x0800044c   Section        8  rt_errno_addr_intlibspace.o(.text)
    .text                                    0x08000454   Section        0  h1_extend.o(.text)
    .text                                    0x08000488   Section        0  defsig_rtmem_outer.o(.text)
    .text                                    0x08000498   Section        0  sys_exit.o(.text)
    .text                                    0x080004a4   Section        2  use_no_semi.o(.text)
    .text                                    0x080004a6   Section       74  sys_stackheap_outer.o(.text)
    .text                                    0x080004a6   Section        0  indicate_semi.o(.text)
    .text                                    0x080004f0   Section        0  defsig_exit.o(.text)
    .text                                    0x080004fc   Section        0  defsig_rtmem_inner.o(.text)
    .text                                    0x0800054c   Section        0  defsig_general.o(.text)
    .text                                    0x0800057e   Section        0  sys_wrch.o(.text)
    i.BusFault_Handler                       0x0800058c   Section        0  stm32f10x_it.o(i.BusFault_Handler)
    i.ClearStark                             0x08000590   Section        0  cal_stack.o(i.ClearStark)
    i.ClearStark_op                          0x0800059e   Section        0  cal_stack.o(i.ClearStark_op)
    i.Cumulative_function                    0x080005ac   Section        0  cal_algorithm.o(i.Cumulative_function)
    i.DebugMon_Handler                       0x080005c0   Section        0  stm32f10x_it.o(i.DebugMon_Handler)
    i.Full                                   0x080005c2   Section        0  bsp_math.o(i.Full)
    Full                                     0x080005c3   Thumb Code    16  bsp_math.o(i.Full)
    i.GPIO_Init                              0x080005d2   Section        0  stm32f10x_gpio.o(i.GPIO_Init)
    i.GPIO_ReadInputDataBit                  0x080006e8   Section        0  stm32f10x_gpio.o(i.GPIO_ReadInputDataBit)
    i.GPIO_Write                             0x080006fa   Section        0  stm32f10x_gpio.o(i.GPIO_Write)
    i.GPIO_WriteBit                          0x080006fe   Section        0  stm32f10x_gpio.o(i.GPIO_WriteBit)
    i.GetInput                               0x08000708   Section        0  bsp_math.o(i.GetInput)
    i.GetTop                                 0x08000710   Section        0  cal_stack.o(i.GetTop)
    i.GetTop_op                              0x08000722   Section        0  cal_stack.o(i.GetTop_op)
    i.HardFault_Handler                      0x0800072c   Section        0  stm32f10x_it.o(i.HardFault_Handler)
    i.InitStack                              0x08000730   Section        0  cal_stack.o(i.InitStack)
    i.InitStack_op                           0x08000752   Section        0  cal_stack.o(i.InitStack_op)
    i.Input                                  0x08000774   Section        0  bsp_math.o(i.Input)
    i.Integrate                              0x0800083c   Section        0  cal_algorithm.o(i.Integrate)
    i.KeyNumGet                              0x080008d4   Section        0  bsp_key.o(i.KeyNumGet)
    i.Key_GetState                           0x080008e4   Section        0  bsp_key.o(i.Key_GetState)
    i.Key_Tick                               0x08000940   Section        0  bsp_key.o(i.Key_Tick)
    i.MatrixKey_Init                         0x08000990   Section        0  bsp_key.o(i.MatrixKey_Init)
    i.MatrixKey_Scan                         0x08000a14   Section        0  bsp_key.o(i.MatrixKey_Scan)
    i.MatrixKey_Tick                         0x08000a88   Section        0  bsp_key.o(i.MatrixKey_Tick)
    i.MemManage_Handler                      0x08000ad8   Section        0  stm32f10x_it.o(i.MemManage_Handler)
    i.NMI_Handler                            0x08000adc   Section        0  stm32f10x_it.o(i.NMI_Handler)
    i.NVIC_Init                              0x08000ae0   Section        0  misc.o(i.NVIC_Init)
    i.NVIC_PriorityGroupConfig               0x08000b50   Section        0  misc.o(i.NVIC_PriorityGroupConfig)
    i.OLED_Clear                             0x08000b64   Section        0  bsp_oled.o(i.OLED_Clear)
    i.OLED_ClearArea                         0x08000b8c   Section        0  bsp_oled.o(i.OLED_ClearArea)
    i.OLED_DrawCircle                        0x08000c34   Section        0  bsp_oled.o(i.OLED_DrawCircle)
    i.OLED_DrawPoint                         0x08000d94   Section        0  bsp_oled.o(i.OLED_DrawPoint)
    i.OLED_GPIO_Init                         0x08000de4   Section        0  bsp_oled.o(i.OLED_GPIO_Init)
    i.OLED_I2C_SendByte                      0x08000e44   Section        0  bsp_oled.o(i.OLED_I2C_SendByte)
    i.OLED_I2C_Start                         0x08000e82   Section        0  bsp_oled.o(i.OLED_I2C_Start)
    i.OLED_I2C_Stop                          0x08000e9e   Section        0  bsp_oled.o(i.OLED_I2C_Stop)
    i.OLED_Init                              0x08000eb4   Section        0  bsp_oled.o(i.OLED_Init)
    i.OLED_Pow                               0x08000f46   Section        0  bsp_oled.o(i.OLED_Pow)
    i.OLED_SetCursor                         0x08000f5a   Section        0  bsp_oled.o(i.OLED_SetCursor)
    i.OLED_ShowChar                          0x08000f7c   Section        0  bsp_oled.o(i.OLED_ShowChar)
    i.OLED_ShowFloatNum                      0x08000fd0   Section        0  bsp_oled.o(i.OLED_ShowFloatNum)
    i.OLED_ShowImage                         0x080010a4   Section        0  bsp_oled.o(i.OLED_ShowImage)
    i.OLED_ShowNum                           0x080011d0   Section        0  bsp_oled.o(i.OLED_ShowNum)
    i.OLED_ShowString                        0x0800121c   Section        0  bsp_oled.o(i.OLED_ShowString)
    i.OLED_Update                            0x0800124c   Section        0  bsp_oled.o(i.OLED_Update)
    i.OLED_W_SCL                             0x08001274   Section        0  bsp_oled.o(i.OLED_W_SCL)
    i.OLED_W_SDA                             0x0800128c   Section        0  bsp_oled.o(i.OLED_W_SDA)
    i.OLED_WriteCommand                      0x080012a4   Section        0  bsp_oled.o(i.OLED_WriteCommand)
    i.OLED_WriteData                         0x080012c4   Section        0  bsp_oled.o(i.OLED_WriteData)
    i.PendSV_Handler                         0x080012f2   Section        0  stm32f10x_it.o(i.PendSV_Handler)
    i.Pop                                    0x080012f4   Section        0  cal_stack.o(i.Pop)
    i.Pop_op                                 0x08001312   Section        0  cal_stack.o(i.Pop_op)
    i.Push                                   0x0800132e   Section        0  cal_stack.o(i.Push)
    i.Push_op                                0x08001352   Section        0  cal_stack.o(i.Push_op)
    i.RCC_APB1PeriphClockCmd                 0x08001370   Section        0  stm32f10x_rcc.o(i.RCC_APB1PeriphClockCmd)
    i.RCC_APB2PeriphClockCmd                 0x08001390   Section        0  stm32f10x_rcc.o(i.RCC_APB2PeriphClockCmd)
    i.SVC_Handler                            0x080013b0   Section        0  stm32f10x_it.o(i.SVC_Handler)
    i.SetSysClock                            0x080013b2   Section        0  system_stm32f10x.o(i.SetSysClock)
    SetSysClock                              0x080013b3   Thumb Code     8  system_stm32f10x.o(i.SetSysClock)
    i.SetSysClockTo72                        0x080013bc   Section        0  system_stm32f10x.o(i.SetSysClockTo72)
    SetSysClockTo72                          0x080013bd   Thumb Code   214  system_stm32f10x.o(i.SetSysClockTo72)
    i.StackEmpty_op                          0x0800149c   Section        0  cal_stack.o(i.StackEmpty_op)
    i.Stack_Init                             0x080014ae   Section        0  bsp_math.o(i.Stack_Init)
    Stack_Init                               0x080014af   Thumb Code     8  bsp_math.o(i.Stack_Init)
    i.Stack_pop                              0x080014b6   Section        0  bsp_math.o(i.Stack_pop)
    Stack_pop                                0x080014b7   Thumb Code    28  bsp_math.o(i.Stack_pop)
    i.Stack_push                             0x080014d2   Section        0  bsp_math.o(i.Stack_push)
    Stack_push                               0x080014d3   Thumb Code    36  bsp_math.o(i.Stack_push)
    i.SysTick_Handler                        0x080014f6   Section        0  stm32f10x_it.o(i.SysTick_Handler)
    i.SystemInit                             0x080014f8   Section        0  system_stm32f10x.o(i.SystemInit)
    i.TIM2_IRQHandler                        0x08001558   Section        0  main.o(i.TIM2_IRQHandler)
    i.TIM_ClearFlag                          0x08001578   Section        0  stm32f10x_tim.o(i.TIM_ClearFlag)
    i.TIM_ClearITPendingBit                  0x0800157e   Section        0  stm32f10x_tim.o(i.TIM_ClearITPendingBit)
    i.TIM_Cmd                                0x08001584   Section        0  stm32f10x_tim.o(i.TIM_Cmd)
    i.TIM_GetITStatus                        0x0800159c   Section        0  stm32f10x_tim.o(i.TIM_GetITStatus)
    i.TIM_ITConfig                           0x080015be   Section        0  stm32f10x_tim.o(i.TIM_ITConfig)
    i.TIM_InternalClockConfig                0x080015d0   Section        0  stm32f10x_tim.o(i.TIM_InternalClockConfig)
    i.TIM_TimeBaseInit                       0x080015dc   Section        0  stm32f10x_tim.o(i.TIM_TimeBaseInit)
    i.Timer_Init                             0x08001680   Section        0  bsp_timer.o(i.Timer_Init)
    i.Trig                                   0x080016fc   Section        0  cal_algorithm.o(i.Trig)
    i.UsageFault_Handler                     0x08001760   Section        0  stm32f10x_it.o(i.UsageFault_Handler)
    i.__ARM_fpclassify                       0x08001764   Section        0  fpclassify.o(i.__ARM_fpclassify)
    i.__ieee754_rem_pio2                     0x0800178c   Section        0  rred.o(i.__ieee754_rem_pio2)
    i.__kernel_cos                           0x08001b14   Section        0  cos_i.o(i.__kernel_cos)
    i.__kernel_poly                          0x08001c10   Section        0  poly.o(i.__kernel_poly)
    i.__kernel_sin                           0x08001cbc   Section        0  sin_i.o(i.__kernel_sin)
    i.__mathlib_dbl_infnan                   0x08001da8   Section        0  dunder.o(i.__mathlib_dbl_infnan)
    i.__mathlib_dbl_invalid                  0x08001dae   Section        0  dunder.o(i.__mathlib_dbl_invalid)
    i.__mathlib_dbl_underflow                0x08001dbc   Section        0  dunder.o(i.__mathlib_dbl_underflow)
    i.applyOp                                0x08001dcc   Section        0  cal_algorithm.o(i.applyOp)
    i.cos                                    0x08001e50   Section        0  cos.o(i.cos)
    i.extract                                0x08001eec   Section        0  cal_algorithm.o(i.extract)
    i.main                                   0x08002134   Section        0  main.o(i.main)
    i.precedence                             0x080021e4   Section        0  cal_algorithm.o(i.precedence)
    i.sin                                    0x08002210   Section        0  sin.o(i.sin)
    locale$$code                             0x080022b0   Section       44  lc_ctype_c.o(locale$$code)
    x$fpl$dadd                               0x080022dc   Section      336  daddsub_clz.o(x$fpl$dadd)
    _dadd1                                   0x080022ed   Thumb Code     0  daddsub_clz.o(x$fpl$dadd)
    x$fpl$dcheck1                            0x0800242c   Section       16  dcheck1.o(x$fpl$dcheck1)
    x$fpl$dcmpinf                            0x0800243c   Section       24  dcmpi.o(x$fpl$dcmpinf)
    x$fpl$ddiv                               0x08002454   Section      688  ddiv.o(x$fpl$ddiv)
    ddiv_entry                               0x0800245b   Thumb Code     0  ddiv.o(x$fpl$ddiv)
    x$fpl$dfix                               0x08002704   Section       94  dfix.o(x$fpl$dfix)
    x$fpl$dfixu                              0x08002764   Section       90  dfixu.o(x$fpl$dfixu)
    x$fpl$dflt                               0x080027be   Section       46  dflt_clz.o(x$fpl$dflt)
    x$fpl$dfltu                              0x080027ec   Section       38  dflt_clz.o(x$fpl$dfltu)
    x$fpl$dleqf                              0x08002814   Section      120  dleqf.o(x$fpl$dleqf)
    x$fpl$dmul                               0x0800288c   Section      340  dmul.o(x$fpl$dmul)
    x$fpl$dnaninf                            0x080029e0   Section      156  dnaninf.o(x$fpl$dnaninf)
    x$fpl$dretinf                            0x08002a7c   Section       12  dretinf.o(x$fpl$dretinf)
    x$fpl$drleqf                             0x08002a88   Section      108  drleqf.o(x$fpl$drleqf)
    x$fpl$drsb                               0x08002af4   Section       22  daddsub_clz.o(x$fpl$drsb)
    x$fpl$dsub                               0x08002b0c   Section      468  daddsub_clz.o(x$fpl$dsub)
    _dsub1                                   0x08002b1d   Thumb Code     0  daddsub_clz.o(x$fpl$dsub)
    x$fpl$retnan                             0x08002ce0   Section      100  retnan.o(x$fpl$retnan)
    x$fpl$scalbn                             0x08002d44   Section       92  scalbn.o(x$fpl$scalbn)
    x$fpl$trapveneer                         0x08002da0   Section       48  trapv.o(x$fpl$trapveneer)
    .constdata                               0x08002dd0   Section     2868  bsp_oled_data.o(.constdata)
    x$fpl$usenofp                            0x08002dd0   Section        0  usenofp.o(x$fpl$usenofp)
    .constdata                               0x08003908   Section       48  cos_i.o(.constdata)
    C                                        0x08003908   Data          48  cos_i.o(.constdata)
    .constdata                               0x08003938   Section      200  rred.o(.constdata)
    pio2s                                    0x08003938   Data          48  rred.o(.constdata)
    twooverpi                                0x08003968   Data         152  rred.o(.constdata)
    .constdata                               0x08003a00   Section       40  sin_i.o(.constdata)
    S                                        0x08003a00   Data          40  sin_i.o(.constdata)
    locale$$data                             0x08003a48   Section      272  lc_ctype_c.o(locale$$data)
    __lcctype_c_name                         0x08003a4c   Data           2  lc_ctype_c.o(locale$$data)
    __lcctype_c_start                        0x08003a54   Data           0  lc_ctype_c.o(locale$$data)
    __lcctype_c_end                          0x08003b58   Data           0  lc_ctype_c.o(locale$$data)
    .data                                    0x20000000   Section       28  main.o(.data)
    Keyboard                                 0x20000000   Data          20  main.o(.data)
    .data                                    0x2000001c   Section        7  bsp_key.o(.data)
    KeyNum                                   0x2000001c   Data           1  bsp_key.o(.data)
    _Count                                   0x2000001d   Data           1  bsp_key.o(.data)
    _CurrState                               0x2000001e   Data           1  bsp_key.o(.data)
    _PrevState                               0x2000001f   Data           1  bsp_key.o(.data)
    _Count                                   0x20000020   Data           1  bsp_key.o(.data)
    _CurrState                               0x20000021   Data           1  bsp_key.o(.data)
    _PrevState                               0x20000022   Data           1  bsp_key.o(.data)
    .data                                    0x20000024   Section       24  bsp_math.o(.data)
    Keyboard                                 0x20000024   Data          20  bsp_math.o(.data)
    _InitFlag                                0x20000038   Data           4  bsp_math.o(.data)
    .bss                                     0x2000003c   Section      124  main.o(.bss)
    .bss                                     0x200000b8   Section      104  bsp_math.o(.bss)
    _NumInput                                0x200000b8   Data         104  bsp_math.o(.bss)
    .bss                                     0x20000120   Section     1024  bsp_oled.o(.bss)
    .bss                                     0x20000520   Section       96  libspace.o(.bss)
    HEAP                                     0x20000580   Section      512  startup_stm32f10x_md.o(HEAP)
    Heap_Mem                                 0x20000580   Data         512  startup_stm32f10x_md.o(HEAP)
    STACK                                    0x20000780   Section     1024  startup_stm32f10x_md.o(STACK)
    Stack_Mem                                0x20000780   Data        1024  startup_stm32f10x_md.o(STACK)
    __initial_sp                             0x20000b80   Data           0  startup_stm32f10x_md.o(STACK)

    Global Symbols

    Symbol Name                              Value     Ov Type        Size  Object(Section)

    BuildAttributes$$THM_ISAv4$P$D$K$B$S$PE$A:L22UL41UL21$X:L11$S22US41US21$IEEE1$IW$USESV6$~STKCKD$USESV7$~SHL$OTIME$ROPI$IEEEX$EBA8$UX$STANDARDLIB$REQ8$PRES8$EABIv2 0x00000000   Number         0  anon$$obj.o ABSOLUTE
    __ARM_use_no_argv                        0x00000000   Number         0  main.o ABSOLUTE
    _printf_flags                            0x00000000   Number         0  printf_stubs.o ABSOLUTE
    _printf_return_value                     0x00000000   Number         0  printf_stubs.o ABSOLUTE
    _printf_sizespec                         0x00000000   Number         0  printf_stubs.o ABSOLUTE
    _printf_widthprec                        0x00000000   Number         0  printf_stubs.o ABSOLUTE
    __ARM_exceptions_init                     - Undefined Weak Reference
    __alloca_initialize                       - Undefined Weak Reference
    __arm_preinit_                            - Undefined Weak Reference
    __cpp_initialize__aeabi_                  - Undefined Weak Reference
    __cxa_finalize                            - Undefined Weak Reference
    __sigvec_lookup                           - Undefined Weak Reference
    __user_heap_extent                        - Undefined Weak Reference
    _atexit_init                              - Undefined Weak Reference
    _call_atexit_fns                          - Undefined Weak Reference
    _clock_init                               - Undefined Weak Reference
    _fp_trap_init                             - Undefined Weak Reference
    _fp_trap_shutdown                         - Undefined Weak Reference
    _get_lc_collate                           - Undefined Weak Reference
    _get_lc_monetary                          - Undefined Weak Reference
    _get_lc_time                              - Undefined Weak Reference
    _getenv_init                              - Undefined Weak Reference
    _handle_redirection                       - Undefined Weak Reference
    _initio                                   - Undefined Weak Reference
    _mutex_acquire                            - Undefined Weak Reference
    _mutex_free                               - Undefined Weak Reference
    _mutex_release                            - Undefined Weak Reference
    _printf_mbtowc                            - Undefined Weak Reference
    _printf_wc                                - Undefined Weak Reference
    _rand_init                                - Undefined Weak Reference
    _signal_finish                            - Undefined Weak Reference
    _signal_init                              - Undefined Weak Reference
    _terminateio                              - Undefined Weak Reference
    __Vectors_Size                           0x000000ec   Number         0  startup_stm32f10x_md.o ABSOLUTE
    __Vectors                                0x08000000   Data           4  startup_stm32f10x_md.o(RESET)
    __Vectors_End                            0x080000ec   Data           0  startup_stm32f10x_md.o(RESET)
    __main                                   0x080000ed   Thumb Code     8  __main.o(!!!main)
    __scatterload                            0x080000f5   Thumb Code     0  __scatter.o(!!!scatter)
    __scatterload_rt2                        0x080000f5   Thumb Code    44  __scatter.o(!!!scatter)
    __scatterload_rt2_thumb_only             0x080000f5   Thumb Code     0  __scatter.o(!!!scatter)
    __scatterload_null                       0x08000103   Thumb Code     0  __scatter.o(!!!scatter)
    __scatterload_copy                       0x08000129   Thumb Code    26  __scatter_copy.o(!!handler_copy)
    __scatterload_zeroinit                   0x08000145   Thumb Code    28  __scatter_zi.o(!!handler_zi)
    __rt_lib_init                            0x08000161   Thumb Code     0  libinit.o(.ARM.Collect$$libinit$$00000000)
    __rt_lib_init_fp_1                       0x08000163   Thumb Code     0  libinit2.o(.ARM.Collect$$libinit$$00000002)
    __rt_lib_init_heap_2                     0x08000163   Thumb Code     0  libinit2.o(.ARM.Collect$$libinit$$00000005)
    __rt_lib_init_preinit_1                  0x08000163   Thumb Code     0  libinit2.o(.ARM.Collect$$libinit$$00000004)
    __rt_lib_init_heap_1                     0x0800016b   Thumb Code     0  libinit2.o(.ARM.Collect$$libinit$$0000000A)
    __rt_lib_init_lc_common                  0x0800016b   Thumb Code     0  libinit2.o(.ARM.Collect$$libinit$$0000000F)
    __rt_lib_init_rand_1                     0x0800016b   Thumb Code     0  libinit2.o(.ARM.Collect$$libinit$$0000000E)
    __rt_lib_init_user_alloc_1               0x0800016b   Thumb Code     0  libinit2.o(.ARM.Collect$$libinit$$0000000C)
    __rt_lib_init_lc_collate_1               0x08000171   Thumb Code     0  libinit2.o(.ARM.Collect$$libinit$$00000011)
    __rt_lib_init_lc_ctype_2                 0x08000171   Thumb Code     0  libinit2.o(.ARM.Collect$$libinit$$00000012)
    __rt_lib_init_alloca_1                   0x0800017d   Thumb Code     0  libinit2.o(.ARM.Collect$$libinit$$0000002E)
    __rt_lib_init_argv_1                     0x0800017d   Thumb Code     0  libinit2.o(.ARM.Collect$$libinit$$0000002C)
    __rt_lib_init_atexit_1                   0x0800017d   Thumb Code     0  libinit2.o(.ARM.Collect$$libinit$$0000001B)
    __rt_lib_init_clock_1                    0x0800017d   Thumb Code     0  libinit2.o(.ARM.Collect$$libinit$$00000021)
    __rt_lib_init_cpp_1                      0x0800017d   Thumb Code     0  libinit2.o(.ARM.Collect$$libinit$$00000032)
    __rt_lib_init_exceptions_1               0x0800017d   Thumb Code     0  libinit2.o(.ARM.Collect$$libinit$$00000030)
    __rt_lib_init_fp_trap_1                  0x0800017d   Thumb Code     0  libinit2.o(.ARM.Collect$$libinit$$0000001F)
    __rt_lib_init_getenv_1                   0x0800017d   Thumb Code     0  libinit2.o(.ARM.Collect$$libinit$$00000023)
    __rt_lib_init_lc_ctype_1                 0x0800017d   Thumb Code     0  libinit2.o(.ARM.Collect$$libinit$$00000013)
    __rt_lib_init_lc_monetary_1              0x0800017d   Thumb Code     0  libinit2.o(.ARM.Collect$$libinit$$00000015)
    __rt_lib_init_lc_numeric_1               0x0800017d   Thumb Code     0  libinit2.o(.ARM.Collect$$libinit$$00000017)
    __rt_lib_init_lc_time_1                  0x0800017d   Thumb Code     0  libinit2.o(.ARM.Collect$$libinit$$00000019)
    __rt_lib_init_return                     0x0800017d   Thumb Code     0  libinit2.o(.ARM.Collect$$libinit$$00000033)
    __rt_lib_init_signal_1                   0x0800017d   Thumb Code     0  libinit2.o(.ARM.Collect$$libinit$$0000001D)
    __rt_lib_init_stdio_1                    0x0800017d   Thumb Code     0  libinit2.o(.ARM.Collect$$libinit$$00000025)
    __rt_lib_shutdown                        0x0800017f   Thumb Code     0  libshutdown.o(.ARM.Collect$$libshutdown$$00000000)
    __rt_lib_shutdown_cpp_1                  0x08000181   Thumb Code     0  libshutdown2.o(.ARM.Collect$$libshutdown$$00000002)
    __rt_lib_shutdown_fp_trap_1              0x08000181   Thumb Code     0  libshutdown2.o(.ARM.Collect$$libshutdown$$00000007)
    __rt_lib_shutdown_heap_1                 0x08000181   Thumb Code     0  libshutdown2.o(.ARM.Collect$$libshutdown$$0000000F)
    __rt_lib_shutdown_return                 0x08000181   Thumb Code     0  libshutdown2.o(.ARM.Collect$$libshutdown$$00000010)
    __rt_lib_shutdown_signal_1               0x08000181   Thumb Code     0  libshutdown2.o(.ARM.Collect$$libshutdown$$0000000A)
    __rt_lib_shutdown_stdio_1                0x08000181   Thumb Code     0  libshutdown2.o(.ARM.Collect$$libshutdown$$00000004)
    __rt_lib_shutdown_user_alloc_1           0x08000181   Thumb Code     0  libshutdown2.o(.ARM.Collect$$libshutdown$$0000000C)
    __rt_entry                               0x08000183   Thumb Code     0  __rtentry.o(.ARM.Collect$$rtentry$$00000000)
    __rt_entry_presh_1                       0x08000183   Thumb Code     0  __rtentry2.o(.ARM.Collect$$rtentry$$00000002)
    __rt_entry_sh                            0x08000183   Thumb Code     0  __rtentry4.o(.ARM.Collect$$rtentry$$00000004)
    __rt_entry_li                            0x08000189   Thumb Code     0  __rtentry2.o(.ARM.Collect$$rtentry$$0000000A)
    __rt_entry_postsh_1                      0x08000189   Thumb Code     0  __rtentry2.o(.ARM.Collect$$rtentry$$00000009)
    __rt_entry_main                          0x0800018d   Thumb Code     0  __rtentry2.o(.ARM.Collect$$rtentry$$0000000D)
    __rt_entry_postli_1                      0x0800018d   Thumb Code     0  __rtentry2.o(.ARM.Collect$$rtentry$$0000000C)
    __rt_exit                                0x08000195   Thumb Code     0  rtexit.o(.ARM.Collect$$rtexit$$00000000)
    __rt_exit_ls                             0x08000197   Thumb Code     0  rtexit2.o(.ARM.Collect$$rtexit$$00000003)
    __rt_exit_prels_1                        0x08000197   Thumb Code     0  rtexit2.o(.ARM.Collect$$rtexit$$00000002)
    __rt_exit_exit                           0x0800019b   Thumb Code     0  rtexit2.o(.ARM.Collect$$rtexit$$00000004)
    Reset_Handler                            0x080001a1   Thumb Code     8  startup_stm32f10x_md.o(.text)
    _maybe_terminate_alloc                   0x080001a1   Thumb Code     0  maybetermalloc1.o(.emb_text)
    ADC1_2_IRQHandler                        0x080001bb   Thumb Code     0  startup_stm32f10x_md.o(.text)
    CAN1_RX1_IRQHandler                      0x080001bb   Thumb Code     0  startup_stm32f10x_md.o(.text)
    CAN1_SCE_IRQHandler                      0x080001bb   Thumb Code     0  startup_stm32f10x_md.o(.text)
    DMA1_Channel1_IRQHandler                 0x080001bb   Thumb Code     0  startup_stm32f10x_md.o(.text)
    DMA1_Channel2_IRQHandler                 0x080001bb   Thumb Code     0  startup_stm32f10x_md.o(.text)
    DMA1_Channel3_IRQHandler                 0x080001bb   Thumb Code     0  startup_stm32f10x_md.o(.text)
    DMA1_Channel4_IRQHandler                 0x080001bb   Thumb Code     0  startup_stm32f10x_md.o(.text)
    DMA1_Channel5_IRQHandler                 0x080001bb   Thumb Code     0  startup_stm32f10x_md.o(.text)
    DMA1_Channel6_IRQHandler                 0x080001bb   Thumb Code     0  startup_stm32f10x_md.o(.text)
    DMA1_Channel7_IRQHandler                 0x080001bb   Thumb Code     0  startup_stm32f10x_md.o(.text)
    EXTI0_IRQHandler                         0x080001bb   Thumb Code     0  startup_stm32f10x_md.o(.text)
    EXTI15_10_IRQHandler                     0x080001bb   Thumb Code     0  startup_stm32f10x_md.o(.text)
    EXTI1_IRQHandler                         0x080001bb   Thumb Code     0  startup_stm32f10x_md.o(.text)
    EXTI2_IRQHandler                         0x080001bb   Thumb Code     0  startup_stm32f10x_md.o(.text)
    EXTI3_IRQHandler                         0x080001bb   Thumb Code     0  startup_stm32f10x_md.o(.text)
    EXTI4_IRQHandler                         0x080001bb   Thumb Code     0  startup_stm32f10x_md.o(.text)
    EXTI9_5_IRQHandler                       0x080001bb   Thumb Code     0  startup_stm32f10x_md.o(.text)
    FLASH_IRQHandler                         0x080001bb   Thumb Code     0  startup_stm32f10x_md.o(.text)
    I2C1_ER_IRQHandler                       0x080001bb   Thumb Code     0  startup_stm32f10x_md.o(.text)
    I2C1_EV_IRQHandler                       0x080001bb   Thumb Code     0  startup_stm32f10x_md.o(.text)
    I2C2_ER_IRQHandler                       0x080001bb   Thumb Code     0  startup_stm32f10x_md.o(.text)
    I2C2_EV_IRQHandler                       0x080001bb   Thumb Code     0  startup_stm32f10x_md.o(.text)
    PVD_IRQHandler                           0x080001bb   Thumb Code     0  startup_stm32f10x_md.o(.text)
    RCC_IRQHandler                           0x080001bb   Thumb Code     0  startup_stm32f10x_md.o(.text)
    RTCAlarm_IRQHandler                      0x080001bb   Thumb Code     0  startup_stm32f10x_md.o(.text)
    RTC_IRQHandler                           0x080001bb   Thumb Code     0  startup_stm32f10x_md.o(.text)
    SPI1_IRQHandler                          0x080001bb   Thumb Code     0  startup_stm32f10x_md.o(.text)
    SPI2_IRQHandler                          0x080001bb   Thumb Code     0  startup_stm32f10x_md.o(.text)
    TAMPER_IRQHandler                        0x080001bb   Thumb Code     0  startup_stm32f10x_md.o(.text)
    TIM1_BRK_IRQHandler                      0x080001bb   Thumb Code     0  startup_stm32f10x_md.o(.text)
    TIM1_CC_IRQHandler                       0x080001bb   Thumb Code     0  startup_stm32f10x_md.o(.text)
    TIM1_TRG_COM_IRQHandler                  0x080001bb   Thumb Code     0  startup_stm32f10x_md.o(.text)
    TIM1_UP_IRQHandler                       0x080001bb   Thumb Code     0  startup_stm32f10x_md.o(.text)
    TIM3_IRQHandler                          0x080001bb   Thumb Code     0  startup_stm32f10x_md.o(.text)
    TIM4_IRQHandler                          0x080001bb   Thumb Code     0  startup_stm32f10x_md.o(.text)
    USART1_IRQHandler                        0x080001bb   Thumb Code     0  startup_stm32f10x_md.o(.text)
    USART2_IRQHandler                        0x080001bb   Thumb Code     0  startup_stm32f10x_md.o(.text)
    USART3_IRQHandler                        0x080001bb   Thumb Code     0  startup_stm32f10x_md.o(.text)
    USBWakeUp_IRQHandler                     0x080001bb   Thumb Code     0  startup_stm32f10x_md.o(.text)
    USB_HP_CAN1_TX_IRQHandler                0x080001bb   Thumb Code     0  startup_stm32f10x_md.o(.text)
    USB_LP_CAN1_RX0_IRQHandler               0x080001bb   Thumb Code     0  startup_stm32f10x_md.o(.text)
    WWDG_IRQHandler                          0x080001bb   Thumb Code     0  startup_stm32f10x_md.o(.text)
    __user_initial_stackheap                 0x080001bd   Thumb Code     0  startup_stm32f10x_md.o(.text)
    __rt_ctype_table                         0x080001e1   Thumb Code    16  rt_ctype_table.o(.text)
    malloc                                   0x080001f1   Thumb Code    94  h1_alloc.o(.text)
    free                                     0x0800024f   Thumb Code    78  h1_free.o(.text)
    exit                                     0x0800029d   Thumb Code    18  exit.o(.text)
    strcpy                                   0x080002af   Thumb Code    72  strcpy.o(.text)
    strcmp                                   0x080002f9   Thumb Code   128  strcmpv7m.o(.text)
    __use_two_region_memory                  0x08000379   Thumb Code     2  heapauxi.o(.text)
    __rt_heap_escrow                         0x0800037b   Thumb Code     2  heapauxi.o(.text)
    __rt_heap_expand                         0x0800037d   Thumb Code     2  heapauxi.o(.text)
    __rt_heap_descriptor                     0x08000381   Thumb Code     8  rt_heap_descriptor_intlibspace.o(.text)
    __rt_locale                              0x08000389   Thumb Code     8  rt_locale_intlibspace.o(.text)
    __use_no_heap                            0x08000391   Thumb Code     2  hguard.o(.text)
    __heap$guard                             0x08000393   Thumb Code     2  hguard.o(.text)
    _terminate_user_alloc                    0x08000395   Thumb Code     2  init_alloc.o(.text)
    _init_user_alloc                         0x08000397   Thumb Code     2  init_alloc.o(.text)
    __Heap_Full                              0x08000399   Thumb Code    34  init_alloc.o(.text)
    __Heap_Broken                            0x080003bb   Thumb Code     6  init_alloc.o(.text)
    _init_alloc                              0x080003c1   Thumb Code    94  init_alloc.o(.text)
    __Heap_Initialize                        0x0800041f   Thumb Code    10  h1_init.o(.text)
    __Heap_DescSize                          0x08000429   Thumb Code     4  h1_init.o(.text)
    __read_errno                             0x0800042d   Thumb Code    10  _rserrno.o(.text)
    __set_errno                              0x08000437   Thumb Code    12  _rserrno.o(.text)
    __user_libspace                          0x08000445   Thumb Code     8  libspace.o(.text)
    __user_perproc_libspace                  0x08000445   Thumb Code     0  libspace.o(.text)
    __user_perthread_libspace                0x08000445   Thumb Code     0  libspace.o(.text)
    __aeabi_errno_addr                       0x0800044d   Thumb Code     8  rt_errno_addr_intlibspace.o(.text)
    __errno$intlibspace                      0x0800044d   Thumb Code     0  rt_errno_addr_intlibspace.o(.text)
    __rt_errno_addr$intlibspace              0x0800044d   Thumb Code     0  rt_errno_addr_intlibspace.o(.text)
    __Heap_ProvideMemory                     0x08000455   Thumb Code    52  h1_extend.o(.text)
    __rt_SIGRTMEM                            0x08000489   Thumb Code    14  defsig_rtmem_outer.o(.text)
    _sys_exit                                0x08000499   Thumb Code     8  sys_exit.o(.text)
    __I$use$semihosting                      0x080004a5   Thumb Code     0  use_no_semi.o(.text)
    __use_no_semihosting_swi                 0x080004a5   Thumb Code     2  use_no_semi.o(.text)
    __semihosting_library_function           0x080004a7   Thumb Code     0  indicate_semi.o(.text)
    __user_setup_stackheap                   0x080004a7   Thumb Code    74  sys_stackheap_outer.o(.text)
    __sig_exit                               0x080004f1   Thumb Code    10  defsig_exit.o(.text)
    __rt_SIGRTMEM_inner                      0x080004fd   Thumb Code    22  defsig_rtmem_inner.o(.text)
    __default_signal_display                 0x0800054d   Thumb Code    50  defsig_general.o(.text)
    _ttywrch                                 0x0800057f   Thumb Code    14  sys_wrch.o(.text)
    BusFault_Handler                         0x0800058d   Thumb Code     4  stm32f10x_it.o(i.BusFault_Handler)
    ClearStark                               0x08000591   Thumb Code    14  cal_stack.o(i.ClearStark)
    ClearStark_op                            0x0800059f   Thumb Code    14  cal_stack.o(i.ClearStark_op)
    Cumulative_function                      0x080005ad   Thumb Code    20  cal_algorithm.o(i.Cumulative_function)
    DebugMon_Handler                         0x080005c1   Thumb Code     2  stm32f10x_it.o(i.DebugMon_Handler)
    GPIO_Init                                0x080005d3   Thumb Code   278  stm32f10x_gpio.o(i.GPIO_Init)
    GPIO_ReadInputDataBit                    0x080006e9   Thumb Code    18  stm32f10x_gpio.o(i.GPIO_ReadInputDataBit)
    GPIO_Write                               0x080006fb   Thumb Code     4  stm32f10x_gpio.o(i.GPIO_Write)
    GPIO_WriteBit                            0x080006ff   Thumb Code    10  stm32f10x_gpio.o(i.GPIO_WriteBit)
    GetInput                                 0x08000709   Thumb Code     4  bsp_math.o(i.GetInput)
    GetTop                                   0x08000711   Thumb Code    18  cal_stack.o(i.GetTop)
    GetTop_op                                0x08000723   Thumb Code    10  cal_stack.o(i.GetTop_op)
    HardFault_Handler                        0x0800072d   Thumb Code     4  stm32f10x_it.o(i.HardFault_Handler)
    InitStack                                0x08000731   Thumb Code    34  cal_stack.o(i.InitStack)
    InitStack_op                             0x08000753   Thumb Code    34  cal_stack.o(i.InitStack_op)
    Input                                    0x08000775   Thumb Code   172  bsp_math.o(i.Input)
    Integrate                                0x0800083d   Thumb Code   150  cal_algorithm.o(i.Integrate)
    KeyNumGet                                0x080008d5   Thumb Code    12  bsp_key.o(i.KeyNumGet)
    Key_GetState                             0x080008e5   Thumb Code    84  bsp_key.o(i.Key_GetState)
    Key_Tick                                 0x08000941   Thumb Code    62  bsp_key.o(i.Key_Tick)
    MatrixKey_Init                           0x08000991   Thumb Code   122  bsp_key.o(i.MatrixKey_Init)
    MatrixKey_Scan                           0x08000a15   Thumb Code   112  bsp_key.o(i.MatrixKey_Scan)
    MatrixKey_Tick                           0x08000a89   Thumb Code    62  bsp_key.o(i.MatrixKey_Tick)
    MemManage_Handler                        0x08000ad9   Thumb Code     4  stm32f10x_it.o(i.MemManage_Handler)
    NMI_Handler                              0x08000add   Thumb Code     2  stm32f10x_it.o(i.NMI_Handler)
    NVIC_Init                                0x08000ae1   Thumb Code   100  misc.o(i.NVIC_Init)
    NVIC_PriorityGroupConfig                 0x08000b51   Thumb Code    10  misc.o(i.NVIC_PriorityGroupConfig)
    OLED_Clear                               0x08000b65   Thumb Code    36  bsp_oled.o(i.OLED_Clear)
    OLED_ClearArea                           0x08000b8d   Thumb Code   162  bsp_oled.o(i.OLED_ClearArea)
    OLED_DrawCircle                          0x08000c35   Thumb Code   352  bsp_oled.o(i.OLED_DrawCircle)
    OLED_DrawPoint                           0x08000d95   Thumb Code    74  bsp_oled.o(i.OLED_DrawPoint)
    OLED_GPIO_Init                           0x08000de5   Thumb Code    92  bsp_oled.o(i.OLED_GPIO_Init)
    OLED_I2C_SendByte                        0x08000e45   Thumb Code    62  bsp_oled.o(i.OLED_I2C_SendByte)
    OLED_I2C_Start                           0x08000e83   Thumb Code    28  bsp_oled.o(i.OLED_I2C_Start)
    OLED_I2C_Stop                            0x08000e9f   Thumb Code    22  bsp_oled.o(i.OLED_I2C_Stop)
    OLED_Init                                0x08000eb5   Thumb Code   146  bsp_oled.o(i.OLED_Init)
    OLED_Pow                                 0x08000f47   Thumb Code    20  bsp_oled.o(i.OLED_Pow)
    OLED_SetCursor                           0x08000f5b   Thumb Code    34  bsp_oled.o(i.OLED_SetCursor)
    OLED_ShowChar                            0x08000f7d   Thumb Code    74  bsp_oled.o(i.OLED_ShowChar)
    OLED_ShowFloatNum                        0x08000fd1   Thumb Code   210  bsp_oled.o(i.OLED_ShowFloatNum)
    OLED_ShowImage                           0x080010a5   Thumb Code   296  bsp_oled.o(i.OLED_ShowImage)
    OLED_ShowNum                             0x080011d1   Thumb Code    76  bsp_oled.o(i.OLED_ShowNum)
    OLED_ShowString                          0x0800121d   Thumb Code    46  bsp_oled.o(i.OLED_ShowString)
    OLED_Update                              0x0800124d   Thumb Code    36  bsp_oled.o(i.OLED_Update)
    OLED_W_SCL                               0x08001275   Thumb Code    18  bsp_oled.o(i.OLED_W_SCL)
    OLED_W_SDA                               0x0800128d   Thumb Code    18  bsp_oled.o(i.OLED_W_SDA)
    OLED_WriteCommand                        0x080012a5   Thumb Code    32  bsp_oled.o(i.OLED_WriteCommand)
    OLED_WriteData                           0x080012c5   Thumb Code    46  bsp_oled.o(i.OLED_WriteData)
    PendSV_Handler                           0x080012f3   Thumb Code     2  stm32f10x_it.o(i.PendSV_Handler)
    Pop                                      0x080012f5   Thumb Code    30  cal_stack.o(i.Pop)
    Pop_op                                   0x08001313   Thumb Code    28  cal_stack.o(i.Pop_op)
    Push                                     0x0800132f   Thumb Code    36  cal_stack.o(i.Push)
    Push_op                                  0x08001353   Thumb Code    30  cal_stack.o(i.Push_op)
    RCC_APB1PeriphClockCmd                   0x08001371   Thumb Code    26  stm32f10x_rcc.o(i.RCC_APB1PeriphClockCmd)
    RCC_APB2PeriphClockCmd                   0x08001391   Thumb Code    26  stm32f10x_rcc.o(i.RCC_APB2PeriphClockCmd)
    SVC_Handler                              0x080013b1   Thumb Code     2  stm32f10x_it.o(i.SVC_Handler)
    StackEmpty_op                            0x0800149d   Thumb Code    18  cal_stack.o(i.StackEmpty_op)
    SysTick_Handler                          0x080014f7   Thumb Code     2  stm32f10x_it.o(i.SysTick_Handler)
    SystemInit                               0x080014f9   Thumb Code    78  system_stm32f10x.o(i.SystemInit)
    TIM2_IRQHandler                          0x08001559   Thumb Code    32  main.o(i.TIM2_IRQHandler)
    TIM_ClearFlag                            0x08001579   Thumb Code     6  stm32f10x_tim.o(i.TIM_ClearFlag)
    TIM_ClearITPendingBit                    0x0800157f   Thumb Code     6  stm32f10x_tim.o(i.TIM_ClearITPendingBit)
    TIM_Cmd                                  0x08001585   Thumb Code    24  stm32f10x_tim.o(i.TIM_Cmd)
    TIM_GetITStatus                          0x0800159d   Thumb Code    34  stm32f10x_tim.o(i.TIM_GetITStatus)
    TIM_ITConfig                             0x080015bf   Thumb Code    18  stm32f10x_tim.o(i.TIM_ITConfig)
    TIM_InternalClockConfig                  0x080015d1   Thumb Code    12  stm32f10x_tim.o(i.TIM_InternalClockConfig)
    TIM_TimeBaseInit                         0x080015dd   Thumb Code   122  stm32f10x_tim.o(i.TIM_TimeBaseInit)
    Timer_Init                               0x08001681   Thumb Code   124  bsp_timer.o(i.Timer_Init)
    Trig                                     0x080016fd   Thumb Code    92  cal_algorithm.o(i.Trig)
    UsageFault_Handler                       0x08001761   Thumb Code     4  stm32f10x_it.o(i.UsageFault_Handler)
    __ARM_fpclassify                         0x08001765   Thumb Code    40  fpclassify.o(i.__ARM_fpclassify)
    __ieee754_rem_pio2                       0x0800178d   Thumb Code   828  rred.o(i.__ieee754_rem_pio2)
    __kernel_cos                             0x08001b15   Thumb Code   230  cos_i.o(i.__kernel_cos)
    __kernel_poly                            0x08001c11   Thumb Code   170  poly.o(i.__kernel_poly)
    __kernel_sin                             0x08001cbd   Thumb Code   224  sin_i.o(i.__kernel_sin)
    __mathlib_dbl_infnan                     0x08001da9   Thumb Code     6  dunder.o(i.__mathlib_dbl_infnan)
    __mathlib_dbl_invalid                    0x08001daf   Thumb Code    12  dunder.o(i.__mathlib_dbl_invalid)
    __mathlib_dbl_underflow                  0x08001dbd   Thumb Code    10  dunder.o(i.__mathlib_dbl_underflow)
    applyOp                                  0x08001dcd   Thumb Code   130  cal_algorithm.o(i.applyOp)
    cos                                      0x08001e51   Thumb Code   148  cos.o(i.cos)
    extract                                  0x08001eed   Thumb Code   578  cal_algorithm.o(i.extract)
    main                                     0x08002135   Thumb Code   158  main.o(i.main)
    precedence                               0x080021e5   Thumb Code    42  cal_algorithm.o(i.precedence)
    sin                                      0x08002211   Thumb Code   150  sin.o(i.sin)
    _get_lc_ctype                            0x080022b1   Thumb Code    44  lc_ctype_c.o(locale$$code)
    __aeabi_dadd                             0x080022dd   Thumb Code     0  daddsub_clz.o(x$fpl$dadd)
    _dadd                                    0x080022dd   Thumb Code   332  daddsub_clz.o(x$fpl$dadd)
    __fpl_dcheck_NaN1                        0x0800242d   Thumb Code    10  dcheck1.o(x$fpl$dcheck1)
    __fpl_dcmp_Inf                           0x0800243d   Thumb Code    24  dcmpi.o(x$fpl$dcmpinf)
    __aeabi_ddiv                             0x08002455   Thumb Code     0  ddiv.o(x$fpl$ddiv)
    _ddiv                                    0x08002455   Thumb Code   552  ddiv.o(x$fpl$ddiv)
    __aeabi_d2iz                             0x08002705   Thumb Code     0  dfix.o(x$fpl$dfix)
    _dfix                                    0x08002705   Thumb Code    94  dfix.o(x$fpl$dfix)
    __aeabi_d2uiz                            0x08002765   Thumb Code     0  dfixu.o(x$fpl$dfixu)
    _dfixu                                   0x08002765   Thumb Code    90  dfixu.o(x$fpl$dfixu)
    __aeabi_i2d                              0x080027bf   Thumb Code     0  dflt_clz.o(x$fpl$dflt)
    _dflt                                    0x080027bf   Thumb Code    46  dflt_clz.o(x$fpl$dflt)
    __aeabi_ui2d                             0x080027ed   Thumb Code     0  dflt_clz.o(x$fpl$dfltu)
    _dfltu                                   0x080027ed   Thumb Code    38  dflt_clz.o(x$fpl$dfltu)
    __aeabi_cdcmple                          0x08002815   Thumb Code     0  dleqf.o(x$fpl$dleqf)
    _dcmple                                  0x08002815   Thumb Code   120  dleqf.o(x$fpl$dleqf)
    __fpl_dcmple_InfNaN                      0x08002877   Thumb Code     0  dleqf.o(x$fpl$dleqf)
    __aeabi_dmul                             0x0800288d   Thumb Code     0  dmul.o(x$fpl$dmul)
    _dmul                                    0x0800288d   Thumb Code   332  dmul.o(x$fpl$dmul)
    __fpl_dnaninf                            0x080029e1   Thumb Code   156  dnaninf.o(x$fpl$dnaninf)
    __fpl_dretinf                            0x08002a7d   Thumb Code    12  dretinf.o(x$fpl$dretinf)
    __aeabi_cdrcmple                         0x08002a89   Thumb Code     0  drleqf.o(x$fpl$drleqf)
    _drcmple                                 0x08002a89   Thumb Code   108  drleqf.o(x$fpl$drleqf)
    __aeabi_drsub                            0x08002af5   Thumb Code     0  daddsub_clz.o(x$fpl$drsb)
    _drsb                                    0x08002af5   Thumb Code    22  daddsub_clz.o(x$fpl$drsb)
    __aeabi_dsub                             0x08002b0d   Thumb Code     0  daddsub_clz.o(x$fpl$dsub)
    _dsub                                    0x08002b0d   Thumb Code   464  daddsub_clz.o(x$fpl$dsub)
    __fpl_return_NaN                         0x08002ce1   Thumb Code   100  retnan.o(x$fpl$retnan)
    __ARM_scalbn                             0x08002d45   Thumb Code    92  scalbn.o(x$fpl$scalbn)
    __fpl_cmpreturn                          0x08002da1   Thumb Code    48  trapv.o(x$fpl$trapveneer)
    OLED_F8x16                               0x08002dd0   Data        1520  bsp_oled_data.o(.constdata)
    __I$use$fp                               0x08002dd0   Number         0  usenofp.o(x$fpl$usenofp)
    OLED_F6x8                                0x080033c0   Data         570  bsp_oled_data.o(.constdata)
    OLED_CF16x16                             0x080035fa   Data         396  bsp_oled_data.o(.constdata)
    Diode                                    0x08003786   Data          32  bsp_oled_data.o(.constdata)
    huochairen                               0x080037a6   Data         350  bsp_oled_data.o(.constdata)
    Region$$Table$$Base                      0x08003a28   Number         0  anon$$obj.o(Region$$Table)
    Region$$Table$$Limit                     0x08003a48   Number         0  anon$$obj.o(Region$$Table)
    __ctype                                  0x08003a55   Data           0  lc_ctype_c.o(locale$$data)
    flag                                     0x20000014   Data           4  main.o(.data)
    Value                                    0x20000018   Data           4  main.o(.data)
    arr                                      0x2000003c   Data         100  main.o(.bss)
    _op                                      0x200000a0   Data          12  main.o(.bss)
    _Value                                   0x200000ac   Data          12  main.o(.bss)
    OLED_DisplayBuf                          0x20000120   Data        1024  bsp_oled.o(.bss)
    __libspace_start                         0x20000520   Data          96  libspace.o(.bss)
    __temporary_stack_top$libspace           0x20000580   Data           0  libspace.o(.bss)



==============================================================================

Memory Map of the image

  Image Entry point : 0x080000ed

  Load Region LR_IROM1 (Base: 0x08000000, Size: 0x00003b94, Max: 0x00010000, ABSOLUTE)

    Execution Region ER_IROM1 (Exec base: 0x08000000, Load base: 0x08000000, Size: 0x00003b58, Max: 0x00010000, ABSOLUTE)

    Exec Addr    Load Addr    Size         Type   Attr      Idx    E Section Name        Object

    0x08000000   0x08000000   0x000000ec   Data   RO            3    RESET               startup_stm32f10x_md.o
    0x080000ec   0x080000ec   0x00000008   Code   RO         4043  * !!!main             c_w.l(__main.o)
    0x080000f4   0x080000f4   0x00000034   Code   RO         4542    !!!scatter          c_w.l(__scatter.o)
    0x08000128   0x08000128   0x0000001a   Code   RO         4544    !!handler_copy      c_w.l(__scatter_copy.o)
    0x08000142   0x08000142   0x00000002   PAD
    0x08000144   0x08000144   0x0000001c   Code   RO         4546    !!handler_zi        c_w.l(__scatter_zi.o)
    0x08000160   0x08000160   0x00000002   Code   RO         4486    .ARM.Collect$$libinit$$00000000  c_w.l(libinit.o)
    0x08000162   0x08000162   0x00000000   Code   RO         4251    .ARM.Collect$$libinit$$00000002  c_w.l(libinit2.o)
    0x08000162   0x08000162   0x00000000   Code   RO         4253    .ARM.Collect$$libinit$$00000004  c_w.l(libinit2.o)
    0x08000162   0x08000162   0x00000008   Code   RO         4254    .ARM.Collect$$libinit$$00000005  c_w.l(libinit2.o)
    0x0800016a   0x0800016a   0x00000000   Code   RO         4256    .ARM.Collect$$libinit$$0000000A  c_w.l(libinit2.o)
    0x0800016a   0x0800016a   0x00000000   Code   RO         4258    .ARM.Collect$$libinit$$0000000C  c_w.l(libinit2.o)
    0x0800016a   0x0800016a   0x00000000   Code   RO         4260    .ARM.Collect$$libinit$$0000000E  c_w.l(libinit2.o)
    0x0800016a   0x0800016a   0x00000006   Code   RO         4261    .ARM.Collect$$libinit$$0000000F  c_w.l(libinit2.o)
    0x08000170   0x08000170   0x00000000   Code   RO         4263    .ARM.Collect$$libinit$$00000011  c_w.l(libinit2.o)
    0x08000170   0x08000170   0x0000000c   Code   RO         4264    .ARM.Collect$$libinit$$00000012  c_w.l(libinit2.o)
    0x0800017c   0x0800017c   0x00000000   Code   RO         4265    .ARM.Collect$$libinit$$00000013  c_w.l(libinit2.o)
    0x0800017c   0x0800017c   0x00000000   Code   RO         4267    .ARM.Collect$$libinit$$00000015  c_w.l(libinit2.o)
    0x0800017c   0x0800017c   0x00000000   Code   RO         4269    .ARM.Collect$$libinit$$00000017  c_w.l(libinit2.o)
    0x0800017c   0x0800017c   0x00000000   Code   RO         4271    .ARM.Collect$$libinit$$00000019  c_w.l(libinit2.o)
    0x0800017c   0x0800017c   0x00000000   Code   RO         4273    .ARM.Collect$$libinit$$0000001B  c_w.l(libinit2.o)
    0x0800017c   0x0800017c   0x00000000   Code   RO         4275    .ARM.Collect$$libinit$$0000001D  c_w.l(libinit2.o)
    0x0800017c   0x0800017c   0x00000000   Code   RO         4277    .ARM.Collect$$libinit$$0000001F  c_w.l(libinit2.o)
    0x0800017c   0x0800017c   0x00000000   Code   RO         4279    .ARM.Collect$$libinit$$00000021  c_w.l(libinit2.o)
    0x0800017c   0x0800017c   0x00000000   Code   RO         4281    .ARM.Collect$$libinit$$00000023  c_w.l(libinit2.o)
    0x0800017c   0x0800017c   0x00000000   Code   RO         4283    .ARM.Collect$$libinit$$00000025  c_w.l(libinit2.o)
    0x0800017c   0x0800017c   0x00000000   Code   RO         4287    .ARM.Collect$$libinit$$0000002C  c_w.l(libinit2.o)
    0x0800017c   0x0800017c   0x00000000   Code   RO         4289    .ARM.Collect$$libinit$$0000002E  c_w.l(libinit2.o)
    0x0800017c   0x0800017c   0x00000000   Code   RO         4291    .ARM.Collect$$libinit$$00000030  c_w.l(libinit2.o)
    0x0800017c   0x0800017c   0x00000000   Code   RO         4293    .ARM.Collect$$libinit$$00000032  c_w.l(libinit2.o)
    0x0800017c   0x0800017c   0x00000002   Code   RO         4294    .ARM.Collect$$libinit$$00000033  c_w.l(libinit2.o)
    0x0800017e   0x0800017e   0x00000002   Code   RO         4487    .ARM.Collect$$libshutdown$$00000000  c_w.l(libshutdown.o)
    0x08000180   0x08000180   0x00000000   Code   RO         4501    .ARM.Collect$$libshutdown$$00000002  c_w.l(libshutdown2.o)
    0x08000180   0x08000180   0x00000000   Code   RO         4503    .ARM.Collect$$libshutdown$$00000004  c_w.l(libshutdown2.o)
    0x08000180   0x08000180   0x00000000   Code   RO         4506    .ARM.Collect$$libshutdown$$00000007  c_w.l(libshutdown2.o)
    0x08000180   0x08000180   0x00000000   Code   RO         4509    .ARM.Collect$$libshutdown$$0000000A  c_w.l(libshutdown2.o)
    0x08000180   0x08000180   0x00000000   Code   RO         4511    .ARM.Collect$$libshutdown$$0000000C  c_w.l(libshutdown2.o)
    0x08000180   0x08000180   0x00000000   Code   RO         4514    .ARM.Collect$$libshutdown$$0000000F  c_w.l(libshutdown2.o)
    0x08000180   0x08000180   0x00000002   Code   RO         4515    .ARM.Collect$$libshutdown$$00000010  c_w.l(libshutdown2.o)
    0x08000182   0x08000182   0x00000000   Code   RO         4117    .ARM.Collect$$rtentry$$00000000  c_w.l(__rtentry.o)
    0x08000182   0x08000182   0x00000000   Code   RO         4361    .ARM.Collect$$rtentry$$00000002  c_w.l(__rtentry2.o)
    0x08000182   0x08000182   0x00000006   Code   RO         4373    .ARM.Collect$$rtentry$$00000004  c_w.l(__rtentry4.o)
    0x08000188   0x08000188   0x00000000   Code   RO         4363    .ARM.Collect$$rtentry$$00000009  c_w.l(__rtentry2.o)
    0x08000188   0x08000188   0x00000004   Code   RO         4364    .ARM.Collect$$rtentry$$0000000A  c_w.l(__rtentry2.o)
    0x0800018c   0x0800018c   0x00000000   Code   RO         4366    .ARM.Collect$$rtentry$$0000000C  c_w.l(__rtentry2.o)
    0x0800018c   0x0800018c   0x00000008   Code   RO         4367    .ARM.Collect$$rtentry$$0000000D  c_w.l(__rtentry2.o)
    0x08000194   0x08000194   0x00000002   Code   RO         4118    .ARM.Collect$$rtexit$$00000000  c_w.l(rtexit.o)
    0x08000196   0x08000196   0x00000000   Code   RO         4376    .ARM.Collect$$rtexit$$00000002  c_w.l(rtexit2.o)
    0x08000196   0x08000196   0x00000004   Code   RO         4377    .ARM.Collect$$rtexit$$00000003  c_w.l(rtexit2.o)
    0x0800019a   0x0800019a   0x00000006   Code   RO         4378    .ARM.Collect$$rtexit$$00000004  c_w.l(rtexit2.o)
    0x080001a0   0x080001a0   0x00000000   Code   RO         4389    .emb_text           c_w.l(maybetermalloc1.o)
    0x080001a0   0x080001a0   0x00000040   Code   RO            4    .text               startup_stm32f10x_md.o
    0x080001e0   0x080001e0   0x00000010   Code   RO         3969    .text               c_w.l(rt_ctype_table.o)
    0x080001f0   0x080001f0   0x0000005e   Code   RO         3975    .text               c_w.l(h1_alloc.o)
    0x0800024e   0x0800024e   0x0000004e   Code   RO         3977    .text               c_w.l(h1_free.o)
    0x0800029c   0x0800029c   0x00000012   Code   RO         4035    .text               c_w.l(exit.o)
    0x080002ae   0x080002ae   0x00000048   Code   RO         4037    .text               c_w.l(strcpy.o)
    0x080002f6   0x080002f6   0x00000002   PAD
    0x080002f8   0x080002f8   0x00000080   Code   RO         4039    .text               c_w.l(strcmpv7m.o)
    0x08000378   0x08000378   0x00000006   Code   RO         4041    .text               c_w.l(heapauxi.o)
    0x0800037e   0x0800037e   0x00000002   PAD
    0x08000380   0x08000380   0x00000008   Code   RO         4123    .text               c_w.l(rt_heap_descriptor_intlibspace.o)
    0x08000388   0x08000388   0x00000008   Code   RO         4128    .text               c_w.l(rt_locale_intlibspace.o)
    0x08000390   0x08000390   0x00000004   Code   RO         4130    .text               c_w.l(hguard.o)
    0x08000394   0x08000394   0x0000008a   Code   RO         4132    .text               c_w.l(init_alloc.o)
    0x0800041e   0x0800041e   0x0000000e   Code   RO         4136    .text               c_w.l(h1_init.o)
    0x0800042c   0x0800042c   0x00000016   Code   RO         4150    .text               c_w.l(_rserrno.o)
    0x08000442   0x08000442   0x00000002   PAD
    0x08000444   0x08000444   0x00000008   Code   RO         4357    .text               c_w.l(libspace.o)
    0x0800044c   0x0800044c   0x00000008   Code   RO         4385    .text               c_w.l(rt_errno_addr_intlibspace.o)
    0x08000454   0x08000454   0x00000034   Code   RO         4391    .text               c_w.l(h1_extend.o)
    0x08000488   0x08000488   0x0000000e   Code   RO         4413    .text               c_w.l(defsig_rtmem_outer.o)
    0x08000496   0x08000496   0x00000002   PAD
    0x08000498   0x08000498   0x0000000c   Code   RO         4430    .text               c_w.l(sys_exit.o)
    0x080004a4   0x080004a4   0x00000002   Code   RO         4432    .text               c_w.l(use_no_semi.o)
    0x080004a6   0x080004a6   0x00000000   Code   RO         4434    .text               c_w.l(indicate_semi.o)
    0x080004a6   0x080004a6   0x0000004a   Code   RO         4435    .text               c_w.l(sys_stackheap_outer.o)
    0x080004f0   0x080004f0   0x0000000a   Code   RO         4471    .text               c_w.l(defsig_exit.o)
    0x080004fa   0x080004fa   0x00000002   PAD
    0x080004fc   0x080004fc   0x00000050   Code   RO         4473    .text               c_w.l(defsig_rtmem_inner.o)
    0x0800054c   0x0800054c   0x00000032   Code   RO         4498    .text               c_w.l(defsig_general.o)
    0x0800057e   0x0800057e   0x0000000e   Code   RO         4518    .text               c_w.l(sys_wrch.o)
    0x0800058c   0x0800058c   0x00000004   Code   RO         3337    i.BusFault_Handler  stm32f10x_it.o
    0x08000590   0x08000590   0x0000000e   Code   RO         3566    i.ClearStark        cal_stack.o
    0x0800059e   0x0800059e   0x0000000e   Code   RO         3567    i.ClearStark_op     cal_stack.o
    0x080005ac   0x080005ac   0x00000014   Code   RO         3515    i.Cumulative_function  cal_algorithm.o
    0x080005c0   0x080005c0   0x00000002   Code   RO         3338    i.DebugMon_Handler  stm32f10x_it.o
    0x080005c2   0x080005c2   0x00000010   Code   RO         3451    i.Full              bsp_math.o
    0x080005d2   0x080005d2   0x00000116   Code   RO         1347    i.GPIO_Init         stm32f10x_gpio.o
    0x080006e8   0x080006e8   0x00000012   Code   RO         1351    i.GPIO_ReadInputDataBit  stm32f10x_gpio.o
    0x080006fa   0x080006fa   0x00000004   Code   RO         1357    i.GPIO_Write        stm32f10x_gpio.o
    0x080006fe   0x080006fe   0x0000000a   Code   RO         1358    i.GPIO_WriteBit     stm32f10x_gpio.o
    0x08000708   0x08000708   0x00000008   Code   RO         3452    i.GetInput          bsp_math.o
    0x08000710   0x08000710   0x00000012   Code   RO         3570    i.GetTop            cal_stack.o
    0x08000722   0x08000722   0x0000000a   Code   RO         3571    i.GetTop_op         cal_stack.o
    0x0800072c   0x0800072c   0x00000004   Code   RO         3339    i.HardFault_Handler  stm32f10x_it.o
    0x08000730   0x08000730   0x00000022   Code   RO         3572    i.InitStack         cal_stack.o
    0x08000752   0x08000752   0x00000022   Code   RO         3573    i.InitStack_op      cal_stack.o
    0x08000774   0x08000774   0x000000c8   Code   RO         3453    i.Input             bsp_math.o
    0x0800083c   0x0800083c   0x00000096   Code   RO         3516    i.Integrate         cal_algorithm.o
    0x080008d2   0x080008d2   0x00000002   PAD
    0x080008d4   0x080008d4   0x00000010   Code   RO         3400    i.KeyNumGet         bsp_key.o
    0x080008e4   0x080008e4   0x0000005c   Code   RO         3401    i.Key_GetState      bsp_key.o
    0x08000940   0x08000940   0x00000050   Code   RO         3402    i.Key_Tick          bsp_key.o
    0x08000990   0x08000990   0x00000084   Code   RO         3403    i.MatrixKey_Init    bsp_key.o
    0x08000a14   0x08000a14   0x00000074   Code   RO         3404    i.MatrixKey_Scan    bsp_key.o
    0x08000a88   0x08000a88   0x00000050   Code   RO         3405    i.MatrixKey_Tick    bsp_key.o
    0x08000ad8   0x08000ad8   0x00000004   Code   RO         3340    i.MemManage_Handler  stm32f10x_it.o
    0x08000adc   0x08000adc   0x00000002   Code   RO         3341    i.NMI_Handler       stm32f10x_it.o
    0x08000ade   0x08000ade   0x00000002   PAD
    0x08000ae0   0x08000ae0   0x00000070   Code   RO          137    i.NVIC_Init         misc.o
    0x08000b50   0x08000b50   0x00000014   Code   RO          138    i.NVIC_PriorityGroupConfig  misc.o
    0x08000b64   0x08000b64   0x00000028   Code   RO         3659    i.OLED_Clear        bsp_oled.o
    0x08000b8c   0x08000b8c   0x000000a8   Code   RO         3660    i.OLED_ClearArea    bsp_oled.o
    0x08000c34   0x08000c34   0x00000160   Code   RO         3662    i.OLED_DrawCircle   bsp_oled.o
    0x08000d94   0x08000d94   0x00000050   Code   RO         3665    i.OLED_DrawPoint    bsp_oled.o
    0x08000de4   0x08000de4   0x00000060   Code   RO         3668    i.OLED_GPIO_Init    bsp_oled.o
    0x08000e44   0x08000e44   0x0000003e   Code   RO         3670    i.OLED_I2C_SendByte  bsp_oled.o
    0x08000e82   0x08000e82   0x0000001c   Code   RO         3671    i.OLED_I2C_Start    bsp_oled.o
    0x08000e9e   0x08000e9e   0x00000016   Code   RO         3672    i.OLED_I2C_Stop     bsp_oled.o
    0x08000eb4   0x08000eb4   0x00000092   Code   RO         3673    i.OLED_Init         bsp_oled.o
    0x08000f46   0x08000f46   0x00000014   Code   RO         3675    i.OLED_Pow          bsp_oled.o
    0x08000f5a   0x08000f5a   0x00000022   Code   RO         3679    i.OLED_SetCursor    bsp_oled.o
    0x08000f7c   0x08000f7c   0x00000054   Code   RO         3681    i.OLED_ShowChar     bsp_oled.o
    0x08000fd0   0x08000fd0   0x000000d2   Code   RO         3683    i.OLED_ShowFloatNum  bsp_oled.o
    0x080010a2   0x080010a2   0x00000002   PAD
    0x080010a4   0x080010a4   0x0000012c   Code   RO         3685    i.OLED_ShowImage    bsp_oled.o
    0x080011d0   0x080011d0   0x0000004c   Code   RO         3686    i.OLED_ShowNum      bsp_oled.o
    0x0800121c   0x0800121c   0x0000002e   Code   RO         3688    i.OLED_ShowString   bsp_oled.o
    0x0800124a   0x0800124a   0x00000002   PAD
    0x0800124c   0x0800124c   0x00000028   Code   RO         3689    i.OLED_Update       bsp_oled.o
    0x08001274   0x08001274   0x00000018   Code   RO         3691    i.OLED_W_SCL        bsp_oled.o
    0x0800128c   0x0800128c   0x00000018   Code   RO         3692    i.OLED_W_SDA        bsp_oled.o
    0x080012a4   0x080012a4   0x00000020   Code   RO         3693    i.OLED_WriteCommand  bsp_oled.o
    0x080012c4   0x080012c4   0x0000002e   Code   RO         3694    i.OLED_WriteData    bsp_oled.o
    0x080012f2   0x080012f2   0x00000002   Code   RO         3342    i.PendSV_Handler    stm32f10x_it.o
    0x080012f4   0x080012f4   0x0000001e   Code   RO         3574    i.Pop               cal_stack.o
    0x08001312   0x08001312   0x0000001c   Code   RO         3575    i.Pop_op            cal_stack.o
    0x0800132e   0x0800132e   0x00000024   Code   RO         3576    i.Push              cal_stack.o
    0x08001352   0x08001352   0x0000001e   Code   RO         3577    i.Push_op           cal_stack.o
    0x08001370   0x08001370   0x00000020   Code   RO         1775    i.RCC_APB1PeriphClockCmd  stm32f10x_rcc.o
    0x08001390   0x08001390   0x00000020   Code   RO         1777    i.RCC_APB2PeriphClockCmd  stm32f10x_rcc.o
    0x080013b0   0x080013b0   0x00000002   Code   RO         3343    i.SVC_Handler       stm32f10x_it.o
    0x080013b2   0x080013b2   0x00000008   Code   RO           24    i.SetSysClock       system_stm32f10x.o
    0x080013ba   0x080013ba   0x00000002   PAD
    0x080013bc   0x080013bc   0x000000e0   Code   RO           25    i.SetSysClockTo72   system_stm32f10x.o
    0x0800149c   0x0800149c   0x00000012   Code   RO         3579    i.StackEmpty_op     cal_stack.o
    0x080014ae   0x080014ae   0x00000008   Code   RO         3454    i.Stack_Init        bsp_math.o
    0x080014b6   0x080014b6   0x0000001c   Code   RO         3455    i.Stack_pop         bsp_math.o
    0x080014d2   0x080014d2   0x00000024   Code   RO         3456    i.Stack_push        bsp_math.o
    0x080014f6   0x080014f6   0x00000002   Code   RO         3344    i.SysTick_Handler   stm32f10x_it.o
    0x080014f8   0x080014f8   0x00000060   Code   RO           27    i.SystemInit        system_stm32f10x.o
    0x08001558   0x08001558   0x00000020   Code   RO         3196    i.TIM2_IRQHandler   main.o
    0x08001578   0x08001578   0x00000006   Code   RO         2415    i.TIM_ClearFlag     stm32f10x_tim.o
    0x0800157e   0x0800157e   0x00000006   Code   RO         2416    i.TIM_ClearITPendingBit  stm32f10x_tim.o
    0x08001584   0x08001584   0x00000018   Code   RO         2421    i.TIM_Cmd           stm32f10x_tim.o
    0x0800159c   0x0800159c   0x00000022   Code   RO         2442    i.TIM_GetITStatus   stm32f10x_tim.o
    0x080015be   0x080015be   0x00000012   Code   RO         2446    i.TIM_ITConfig      stm32f10x_tim.o
    0x080015d0   0x080015d0   0x0000000c   Code   RO         2448    i.TIM_InternalClockConfig  stm32f10x_tim.o
    0x080015dc   0x080015dc   0x000000a4   Code   RO         2492    i.TIM_TimeBaseInit  stm32f10x_tim.o
    0x08001680   0x08001680   0x0000007c   Code   RO         3955    i.Timer_Init        bsp_timer.o
    0x080016fc   0x080016fc   0x00000064   Code   RO         3517    i.Trig              cal_algorithm.o
    0x08001760   0x08001760   0x00000004   Code   RO         3345    i.UsageFault_Handler  stm32f10x_it.o
    0x08001764   0x08001764   0x00000028   Code   RO         4426    i.__ARM_fpclassify  m_ws.l(fpclassify.o)
    0x0800178c   0x0800178c   0x00000388   Code   RO         4344    i.__ieee754_rem_pio2  m_ws.l(rred.o)
    0x08001b14   0x08001b14   0x000000fc   Code   RO         4326    i.__kernel_cos      m_ws.l(cos_i.o)
    0x08001c10   0x08001c10   0x000000aa   Code   RO         4428    i.__kernel_poly     m_ws.l(poly.o)
    0x08001cba   0x08001cba   0x00000002   PAD
    0x08001cbc   0x08001cbc   0x000000ec   Code   RO         4349    i.__kernel_sin      m_ws.l(sin_i.o)
    0x08001da8   0x08001da8   0x00000006   Code   RO         4330    i.__mathlib_dbl_infnan  m_ws.l(dunder.o)
    0x08001dae   0x08001dae   0x0000000c   Code   RO         4332    i.__mathlib_dbl_invalid  m_ws.l(dunder.o)
    0x08001dba   0x08001dba   0x00000002   PAD
    0x08001dbc   0x08001dbc   0x00000010   Code   RO         4335    i.__mathlib_dbl_underflow  m_ws.l(dunder.o)
    0x08001dcc   0x08001dcc   0x00000082   Code   RO         3518    i.applyOp           cal_algorithm.o
    0x08001e4e   0x08001e4e   0x00000002   PAD
    0x08001e50   0x08001e50   0x0000009c   Code   RO         4100    i.cos               m_ws.l(cos.o)
    0x08001eec   0x08001eec   0x00000248   Code   RO         3519    i.extract           cal_algorithm.o
    0x08002134   0x08002134   0x000000b0   Code   RO         3197    i.main              main.o
    0x080021e4   0x080021e4   0x0000002a   Code   RO         3520    i.precedence        cal_algorithm.o
    0x0800220e   0x0800220e   0x00000002   PAD
    0x08002210   0x08002210   0x000000a0   Code   RO         4108    i.sin               m_ws.l(sin.o)
    0x080022b0   0x080022b0   0x0000002c   Code   RO         4244    locale$$code        c_w.l(lc_ctype_c.o)
    0x080022dc   0x080022dc   0x00000150   Code   RO         4047    x$fpl$dadd          fz_ws.l(daddsub_clz.o)
    0x0800242c   0x0800242c   0x00000010   Code   RO         4488    x$fpl$dcheck1       fz_ws.l(dcheck1.o)
    0x0800243c   0x0800243c   0x00000018   Code   RO         4295    x$fpl$dcmpinf       fz_ws.l(dcmpi.o)
    0x08002454   0x08002454   0x000002b0   Code   RO         4054    x$fpl$ddiv          fz_ws.l(ddiv.o)
    0x08002704   0x08002704   0x0000005e   Code   RO         4057    x$fpl$dfix          fz_ws.l(dfix.o)
    0x08002762   0x08002762   0x00000002   PAD
    0x08002764   0x08002764   0x0000005a   Code   RO         4061    x$fpl$dfixu         fz_ws.l(dfixu.o)
    0x080027be   0x080027be   0x0000002e   Code   RO         4066    x$fpl$dflt          fz_ws.l(dflt_clz.o)
    0x080027ec   0x080027ec   0x00000026   Code   RO         4065    x$fpl$dfltu         fz_ws.l(dflt_clz.o)
    0x08002812   0x08002812   0x00000002   PAD
    0x08002814   0x08002814   0x00000078   Code   RO         4071    x$fpl$dleqf         fz_ws.l(dleqf.o)
    0x0800288c   0x0800288c   0x00000154   Code   RO         4073    x$fpl$dmul          fz_ws.l(dmul.o)
    0x080029e0   0x080029e0   0x0000009c   Code   RO         4297    x$fpl$dnaninf       fz_ws.l(dnaninf.o)
    0x08002a7c   0x08002a7c   0x0000000c   Code   RO         4299    x$fpl$dretinf       fz_ws.l(dretinf.o)
    0x08002a88   0x08002a88   0x0000006c   Code   RO         4075    x$fpl$drleqf        fz_ws.l(drleqf.o)
    0x08002af4   0x08002af4   0x00000016   Code   RO         4048    x$fpl$drsb          fz_ws.l(daddsub_clz.o)
    0x08002b0a   0x08002b0a   0x00000002   PAD
    0x08002b0c   0x08002b0c   0x000001d4   Code   RO         4049    x$fpl$dsub          fz_ws.l(daddsub_clz.o)
    0x08002ce0   0x08002ce0   0x00000064   Code   RO         4516    x$fpl$retnan        fz_ws.l(retnan.o)
    0x08002d44   0x08002d44   0x0000005c   Code   RO         4424    x$fpl$scalbn        fz_ws.l(scalbn.o)
    0x08002da0   0x08002da0   0x00000030   Code   RO         4522    x$fpl$trapveneer    fz_ws.l(trapv.o)
    0x08002dd0   0x08002dd0   0x00000000   Code   RO         4315    x$fpl$usenofp       fz_ws.l(usenofp.o)
    0x08002dd0   0x08002dd0   0x00000b34   Data   RO         3919    .constdata          bsp_oled_data.o
    0x08003904   0x08003904   0x00000004   PAD
    0x08003908   0x08003908   0x00000030   Data   RO         4327    .constdata          m_ws.l(cos_i.o)
    0x08003938   0x08003938   0x000000c8   Data   RO         4346    .constdata          m_ws.l(rred.o)
    0x08003a00   0x08003a00   0x00000028   Data   RO         4350    .constdata          m_ws.l(sin_i.o)
    0x08003a28   0x08003a28   0x00000020   Data   RO         4540    Region$$Table       anon$$obj.o
    0x08003a48   0x08003a48   0x00000110   Data   RO         4243    locale$$data        c_w.l(lc_ctype_c.o)


    Execution Region RW_IRAM1 (Exec base: 0x20000000, Load base: 0x08003b58, Size: 0x00000b80, Max: 0x00005000, ABSOLUTE)

    Exec Addr    Load Addr    Size         Type   Attr      Idx    E Section Name        Object

    0x20000000   0x08003b58   0x0000001c   Data   RW         3199    .data               main.o
    0x2000001c   0x08003b74   0x00000007   Data   RW         3406    .data               bsp_key.o
    0x20000023   0x08003b7b   0x00000001   PAD
    0x20000024   0x08003b7c   0x00000018   Data   RW         3458    .data               bsp_math.o
    0x2000003c        -       0x0000007c   Zero   RW         3198    .bss                main.o
    0x200000b8        -       0x00000068   Zero   RW         3457    .bss                bsp_math.o
    0x20000120        -       0x00000400   Zero   RW         3696    .bss                bsp_oled.o
    0x20000520        -       0x00000060   Zero   RW         4358    .bss                c_w.l(libspace.o)
    0x20000580        -       0x00000200   Zero   RW            2    HEAP                startup_stm32f10x_md.o
    0x20000780        -       0x00000400   Zero   RW            1    STACK               startup_stm32f10x_md.o


==============================================================================

Image component sizes


      Code (inc. data)   RO Data    RW Data    ZI Data      Debug   Object Name

       516         62          0          7          0       3357   bsp_key.o
       296         32          0         24        104       4540   bsp_math.o
      1930         50          0          0       1024      13276   bsp_oled.o
         0          0       2868          0          0       1157   bsp_oled_data.o
       124          0          0          0          0        553   bsp_timer.o
      1026         14          0          0          0       4670   cal_algorithm.o
       266          0          0          0          0       6133   cal_stack.o
         0          0          0          0          0       4500   core_cm3.o
       208         18          0         28        124      11005   main.o
       132         22          0          0          0     204743   misc.o
        64         26        236          0       1536        880   startup_stm32f10x_md.o
         0          0          0          0          0       1656   stm32f10x_adc.o
       310          0          0          0          0      11821   stm32f10x_gpio.o
        26          0          0          0          0       3730   stm32f10x_it.o
        64         12          0          0          0       1074   stm32f10x_rcc.o
       264         42          0          0          0      24616   stm32f10x_tim.o
       328         28          0          0          0      30473   system_stm32f10x.o

    ----------------------------------------------------------------------
      5568        306       3140         60       2788     328184   Object Totals
         0          0         32          0          0          0   (incl. Generated)
        14          0          4          1          0          0   (incl. Padding)

    ----------------------------------------------------------------------

      Code (inc. data)   RO Data    RW Data    ZI Data      Debug   Library Member Name

         8          0          0          0          0         68   __main.o
         0          0          0          0          0          0   __rtentry.o
        12          0          0          0          0          0   __rtentry2.o
         6          0          0          0          0          0   __rtentry4.o
        52          8          0          0          0          0   __scatter.o
        26          0          0          0          0          0   __scatter_copy.o
        28          0          0          0          0          0   __scatter_zi.o
        22          0          0          0          0        100   _rserrno.o
        10          0          0          0          0         68   defsig_exit.o
        50          0          0          0          0         88   defsig_general.o
        80         58          0          0          0         76   defsig_rtmem_inner.o
        14          0          0          0          0         80   defsig_rtmem_outer.o
        18          0          0          0          0         80   exit.o
        94          0          0          0          0         80   h1_alloc.o
        52          0          0          0          0         68   h1_extend.o
        78          0          0          0          0         80   h1_free.o
        14          0          0          0          0         84   h1_init.o
         6          0          0          0          0        152   heapauxi.o
         4          0          0          0          0        136   hguard.o
         0          0          0          0          0          0   indicate_semi.o
       138          0          0          0          0        168   init_alloc.o
        44         10        272          0          0         76   lc_ctype_c.o
         2          0          0          0          0          0   libinit.o
        28          0          0          0          0          0   libinit2.o
         2          0          0          0          0          0   libshutdown.o
         2          0          0          0          0          0   libshutdown2.o
         8          4          0          0         96         68   libspace.o
         0          0          0          0          0          0   maybetermalloc1.o
        16          4          0          0          0         76   rt_ctype_table.o
         8          4          0          0          0         68   rt_errno_addr_intlibspace.o
         8          4          0          0          0         68   rt_heap_descriptor_intlibspace.o
         8          4          0          0          0         68   rt_locale_intlibspace.o
         2          0          0          0          0          0   rtexit.o
        10          0          0          0          0          0   rtexit2.o
       128          0          0          0          0         68   strcmpv7m.o
        72          0          0          0          0         80   strcpy.o
        12          4          0          0          0         68   sys_exit.o
        74          0          0          0          0         80   sys_stackheap_outer.o
        14          0          0          0          0         76   sys_wrch.o
         2          0          0          0          0         68   use_no_semi.o
       826         16          0          0          0        348   daddsub_clz.o
        16          4          0          0          0         68   dcheck1.o
        24          0          0          0          0         68   dcmpi.o
       688        140          0          0          0        208   ddiv.o
        94          4          0          0          0         92   dfix.o
        90          4          0          0          0         92   dfixu.o
        84          0          0          0          0        136   dflt_clz.o
       120          4          0          0          0         92   dleqf.o
       340         12          0          0          0        104   dmul.o
       156          4          0          0          0         92   dnaninf.o
        12          0          0          0          0         68   dretinf.o
       108          0          0          0          0         80   drleqf.o
       100          0          0          0          0         68   retnan.o
        92          0          0          0          0         68   scalbn.o
        48          0          0          0          0         68   trapv.o
         0          0          0          0          0          0   usenofp.o
       156          8          0          0          0        104   cos.o
       252         22         48          0          0        124   cos_i.o
        34          6          0          0          0        204   dunder.o
        40          0          0          0          0         68   fpclassify.o
       170          0          0          0          0         96   poly.o
       904         76        200          0          0        140   rred.o
       160         10          0          0          0        108   sin.o
       236         12         40          0          0        128   sin_i.o

    ----------------------------------------------------------------------
      5924        422        560          0         96       4816   Library Totals
        22          0          0          0          0          0   (incl. Padding)

    ----------------------------------------------------------------------

      Code (inc. data)   RO Data    RW Data    ZI Data      Debug   Library Name

      1152        100        272          0         96       2192   c_w.l
      2798        188          0          0          0       1652   fz_ws.l
      1952        134        288          0          0        972   m_ws.l

    ----------------------------------------------------------------------
      5924        422        560          0         96       4816   Library Totals

    ----------------------------------------------------------------------

==============================================================================


      Code (inc. data)   RO Data    RW Data    ZI Data      Debug   

     11492        728       3700         60       2884     326444   Grand Totals
     11492        728       3700         60       2884     326444   ELF Image Totals
     11492        728       3700         60          0          0   ROM Totals

==============================================================================

    Total RO  Size (Code + RO Data)                15192 (  14.84kB)
    Total RW  Size (RW Data + ZI Data)              2944 (   2.88kB)
    Total ROM Size (Code + RO Data + RW Data)      15252 (  14.89kB)

==============================================================================

